Archive member included because of file (symbol)

c:/program files/atollic/truestudio for stmicroelectronics stm32 lite 2.3.0/armtools/bin/../lib/gcc/arm-atollic-eabi/4.5.1/../../../../arm-atollic-eabi/lib/thumb/thumb2\libc.a(lib_a-init.o)
                              Libraries\CMSIS\CM3\DeviceSupport\ST\STM32F10x\startup\TrueSTUDIO\startup_stm32f10x_md_vl.o (__libc_init_array)

Allocating common symbols
Common symbol       size              file

n                   0x2               src\main.o
DACBuffer           0x1f4             src\main.o
otherTIM            0x4               src\main.o
timerFreq           0x4               src\main.o
aRRTimer            0x4               src\main.o
fTimer              0x4               src\main.o
timerPeriod         0x2               src\main.o
otherPeriod         0x2               src\main.o
G4Period            0x2               src\main.o

Discarded input sections

 .text          0x00000000        0x0 c:/program files/atollic/truestudio for stmicroelectronics stm32 lite 2.3.0/armtools/bin/../lib/gcc/arm-atollic-eabi/4.5.1/thumb/thumb2/crti.o
 .data          0x00000000        0x0 c:/program files/atollic/truestudio for stmicroelectronics stm32 lite 2.3.0/armtools/bin/../lib/gcc/arm-atollic-eabi/4.5.1/thumb/thumb2/crti.o
 .bss           0x00000000        0x0 c:/program files/atollic/truestudio for stmicroelectronics stm32 lite 2.3.0/armtools/bin/../lib/gcc/arm-atollic-eabi/4.5.1/thumb/thumb2/crti.o
 .data          0x00000000        0x4 c:/program files/atollic/truestudio for stmicroelectronics stm32 lite 2.3.0/armtools/bin/../lib/gcc/arm-atollic-eabi/4.5.1/thumb/thumb2/crtbegin.o
 .text          0x00000000        0x0 src\system_stm32f10x.o
 .data          0x00000000        0x0 src\system_stm32f10x.o
 .bss           0x00000000        0x0 src\system_stm32f10x.o
 .data.SystemCoreClock
                0x00000000        0x4 src\system_stm32f10x.o
 .data.AHBPrescTable
                0x00000000       0x10 src\system_stm32f10x.o
 .text.SystemCoreClockUpdate
                0x00000000      0x13c src\system_stm32f10x.o
 .text          0x00000000        0x0 src\stm32f10x_it.o
 .data          0x00000000        0x0 src\stm32f10x_it.o
 .bss           0x00000000        0x0 src\stm32f10x_it.o
 .text          0x00000000        0x0 src\main.o
 .data          0x00000000        0x0 src\main.o
 .bss           0x00000000        0x0 src\main.o
 .bss.flag      0x00000000        0x1 src\main.o
 .text          0x00000000        0x0 Utilities\STM32_EVAL\STM32_Discovery\STM32vldiscovery.o
 .data          0x00000000        0x0 Utilities\STM32_EVAL\STM32_Discovery\STM32vldiscovery.o
 .bss           0x00000000        0x0 Utilities\STM32_EVAL\STM32_Discovery\STM32vldiscovery.o
 .data.GPIO_PORT
                0x00000000        0x8 Utilities\STM32_EVAL\STM32_Discovery\STM32vldiscovery.o
 .rodata.GPIO_PIN
                0x00000000        0x4 Utilities\STM32_EVAL\STM32_Discovery\STM32vldiscovery.o
 .rodata.GPIO_CLK
                0x00000000        0x8 Utilities\STM32_EVAL\STM32_Discovery\STM32vldiscovery.o
 .rodata.BUTTON_PIN_SOURCE
                0x00000000        0x4 Utilities\STM32_EVAL\STM32_Discovery\STM32vldiscovery.o
 .rodata.BUTTON_PORT_SOURCE
                0x00000000        0x4 Utilities\STM32_EVAL\STM32_Discovery\STM32vldiscovery.o
 .data.BUTTON_PORT
                0x00000000        0x4 Utilities\STM32_EVAL\STM32_Discovery\STM32vldiscovery.o
 .rodata.BUTTON_PIN
                0x00000000        0x4 Utilities\STM32_EVAL\STM32_Discovery\STM32vldiscovery.o
 .rodata.BUTTON_CLK
                0x00000000        0x4 Utilities\STM32_EVAL\STM32_Discovery\STM32vldiscovery.o
 .rodata.BUTTON_EXTI_LINE
                0x00000000        0x4 Utilities\STM32_EVAL\STM32_Discovery\STM32vldiscovery.o
 .rodata.BUTTON_IRQn
                0x00000000        0x4 Utilities\STM32_EVAL\STM32_Discovery\STM32vldiscovery.o
 .text.STM32vldiscovery_LEDInit
                0x00000000       0x60 Utilities\STM32_EVAL\STM32_Discovery\STM32vldiscovery.o
 .text.STM32vldiscovery_LEDOn
                0x00000000       0x34 Utilities\STM32_EVAL\STM32_Discovery\STM32vldiscovery.o
 .text.STM32vldiscovery_LEDOff
                0x00000000       0x34 Utilities\STM32_EVAL\STM32_Discovery\STM32vldiscovery.o
 .text.STM32vldiscovery_LEDToggle
                0x00000000       0x48 Utilities\STM32_EVAL\STM32_Discovery\STM32vldiscovery.o
 .text.STM32vldiscovery_PBInit
                0x00000000       0xec Utilities\STM32_EVAL\STM32_Discovery\STM32vldiscovery.o
 .text.STM32vldiscovery_PBGetState
                0x00000000       0x3c Utilities\STM32_EVAL\STM32_Discovery\STM32vldiscovery.o
 .text          0x00000000        0x0 Libraries\STM32F10x_StdPeriph_Driver\src\stm32f10x_wwdg.o
 .data          0x00000000        0x0 Libraries\STM32F10x_StdPeriph_Driver\src\stm32f10x_wwdg.o
[...]
Memory Configuration

Name             Origin             Length             Attributes
FLASH            0x08000000         0x00020000         xr
RAM              0x20000000         0x00002000         xrw
MEMORY_B1        0x60000000         0x00000000         xr
*default*        0x00000000         0xffffffff

Linker script and memory map

LOAD c:/program files/atollic/truestudio for stmicroelectronics stm32 lite 2.3.0/armtools/bin/../lib/gcc/arm-atollic-eabi/4.5.1/thumb/thumb2/crti.o
LOAD c:/program files/atollic/truestudio for stmicroelectronics stm32 lite 2.3.0/armtools/bin/../lib/gcc/arm-atollic-eabi/4.5.1/thumb/thumb2/crtbegin.o
LOAD src\system_stm32f10x.o
LOAD src\stm32f10x_it.o
LOAD src\main.o
LOAD Utilities\STM32_EVAL\STM32_Discovery\STM32vldiscovery.o
LOAD Libraries\STM32F10x_StdPeriph_Driver\src\stm32f10x_wwdg.o
LOAD Libraries\STM32F10x_StdPeriph_Driver\src\stm32f10x_usart.o
LOAD Libraries\STM32F10x_StdPeriph_Driver\src\stm32f10x_tim.o
LOAD Libraries\STM32F10x_StdPeriph_Driver\src\stm32f10x_spi.o
LOAD Libraries\STM32F10x_StdPeriph_Driver\src\stm32f10x_sdio.o
LOAD Libraries\STM32F10x_StdPeriph_Driver\src\stm32f10x_rtc.o
LOAD Libraries\STM32F10x_StdPeriph_Driver\src\stm32f10x_rcc.o
LOAD Libraries\STM32F10x_StdPeriph_Driver\src\stm32f10x_pwr.o
LOAD Libraries\STM32F10x_StdPeriph_Driver\src\stm32f10x_iwdg.o
LOAD Libraries\STM32F10x_StdPeriph_Driver\src\stm32f10x_i2c.o
LOAD Libraries\STM32F10x_StdPeriph_Driver\src\stm32f10x_gpio.o
LOAD Libraries\STM32F10x_StdPeriph_Driver\src\stm32f10x_fsmc.o
LOAD Libraries\STM32F10x_StdPeriph_Driver\src\stm32f10x_flash.o
LOAD Libraries\STM32F10x_StdPeriph_Driver\src\stm32f10x_exti.o
LOAD Libraries\STM32F10x_StdPeriph_Driver\src\stm32f10x_dma.o
LOAD Libraries\STM32F10x_StdPeriph_Driver\src\stm32f10x_dbgmcu.o
LOAD Libraries\STM32F10x_StdPeriph_Driver\src\stm32f10x_dac.o
LOAD Libraries\STM32F10x_StdPeriph_Driver\src\stm32f10x_crc.o
LOAD Libraries\STM32F10x_StdPeriph_Driver\src\stm32f10x_cec.o
LOAD Libraries\STM32F10x_StdPeriph_Driver\src\stm32f10x_can.o
LOAD Libraries\STM32F10x_StdPeriph_Driver\src\stm32f10x_bkp.o
LOAD Libraries\STM32F10x_StdPeriph_Driver\src\stm32f10x_adc.o
LOAD Libraries\STM32F10x_StdPeriph_Driver\src\misc.o
LOAD Libraries\CMSIS\CM3\DeviceSupport\ST\STM32F10x\startup\TrueSTUDIO\startup_stm32f10x_md_vl.o
LOAD Libraries\CMSIS\CM3\CoreSupport\core_cm3.o
LOAD c:/program files/atollic/truestudio for stmicroelectronics stm32 lite 2.3.0/armtools/bin/../lib/gcc/arm-atollic-eabi/4.5.1/../../../../arm-atollic-eabi/lib/thumb/thumb2\libm.a
                0x00001000                malloc_getpagesize_P = 0x1000
START GROUP
LOAD c:/program files/atollic/truestudio for stmicroelectronics stm32 lite 2.3.0/armtools/bin/../lib/gcc/arm-atollic-eabi/4.5.1/thumb/thumb2\libgcc.a
LOAD c:/program files/atollic/truestudio for stmicroelectronics stm32 lite 2.3.0/armtools/bin/../lib/gcc/arm-atollic-eabi/4.5.1/../../../../arm-atollic-eabi/lib/thumb/thumb2\libc.a
END GROUP
LOAD c:/program files/atollic/truestudio for stmicroelectronics stm32 lite 2.3.0/armtools/bin/../lib/gcc/arm-atollic-eabi/4.5.1/thumb/thumb2/crtend.o
LOAD c:/program files/atollic/truestudio for stmicroelectronics stm32 lite 2.3.0/armtools/bin/../lib/gcc/arm-atollic-eabi/4.5.1/thumb/thumb2/crtn.o
                0x20002000                _estack = 0x20002000
                0x00000000                _Min_Heap_Size = 0x0
                0x00000080                _Min_Stack_Size = 0x80

.isr_vector     0x08000000      0x1d0
                0x08000000                . = ALIGN (0x4)
 *(.isr_vector)
 .isr_vector    0x08000000      0x1d0 Libraries\CMSIS\CM3\DeviceSupport\ST\STM32F10x\startup\TrueSTUDIO\startup_stm32f10x_md_vl.o
                0x08000000                g_pfnVectors
                0x080001d0                . = ALIGN (0x4)

.text           0x080001d0     0x17a4
                0x080001d0                . = ALIGN (0x4)
 *(.text)
 .text          0x080001d0       0x30 c:/program files/atollic/truestudio for stmicroelectronics stm32 lite 2.3.0/armtools/bin/../lib/gcc/arm-atollic-eabi/4.5.1/thumb/thumb2/crtbegin.o
 *(.text*)
 .text.SystemInit
                0x08000200       0xbc src\system_stm32f10x.o
                0x08000200                SystemInit
 .text.SetSysClock
                0x080002bc        0xc src\system_stm32f10x.o
 .text.SetSysClockTo24
                0x080002c8      0x15c src\system_stm32f10x.o
 .text.NMI_Handler
                0x08000424        0xc src\stm32f10x_it.o
                0x08000424                NMI_Handler
 .text.HardFault_Handler
                0x08000430        0x8 src\stm32f10x_it.o
                0x08000430                HardFault_Handler
 .text.MemManage_Handler
                0x08000438        0x8 src\stm32f10x_it.o
                0x08000438                MemManage_Handler
 .text.BusFault_Handler
                0x08000440        0x8 src\stm32f10x_it.o
                0x08000440                BusFault_Handler
 .text.UsageFault_Handler
                0x08000448        0x8 src\stm32f10x_it.o
                0x08000448                UsageFault_Handler
 .text.SVC_Handler
                0x08000450        0xc src\stm32f10x_it.o
                0x08000450                SVC_Handler
 .text.DebugMon_Handler
                0x0800045c        0xc src\stm32f10x_it.o
                0x0800045c                DebugMon_Handler
 .text.PendSV_Handler
                0x08000468        0xc src\stm32f10x_it.o
                0x08000468                PendSV_Handler
 .text.SysTick_Handler
                0x08000474        0xc src\stm32f10x_it.o
                0x08000474                SysTick_Handler
 .text.TIM2_IRQHandler
                0x08000480       0x24 src\main.o
                0x08000480                TIM2_IRQHandler
 .text.main     0x080004a4      0x148 src\main.o
                0x080004a4                main
 .text.ADC_Configuration
                0x080005ec       0xcc src\main.o
                0x080005ec                ADC_Configuration
 .text.RCC_Configuration
                0x080006b8       0x50 src\main.o
                0x080006b8                RCC_Configuration
 .text.NVIC_Configuration
                0x08000708       0x30 src\main.o
                0x08000708                NVIC_Configuration
 .text.GPIO_Configuration
                0x08000738       0x50 src\main.o
                0x08000738                GPIO_Configuration
 .text.DMA_Configuration
                0x08000788       0x9c src\main.o
                0x08000788                DMA_Configuration
 .text.Timer_Configuration
                0x08000824       0xac src\main.o
                0x08000824                Timer_Configuration
 .text.DAC_Configuration
                0x080008d0       0x60 src\main.o
                0x080008d0                DAC_Configuration
 .text.TIM_TimeBaseInit
                0x08000930      0x120 Libraries\STM32F10x_StdPeriph_Driver\src\stm32f10x_tim.o
                0x08000930                TIM_TimeBaseInit
 .text.TIM_Cmd  0x08000a50       0x40 Libraries\STM32F10x_StdPeriph_Driver\src\stm32f10x_tim.o
                0x08000a50                TIM_Cmd
 .text.TIM_ITConfig
                0x08000a90       0x4c Libraries\STM32F10x_StdPeriph_Driver\src\stm32f10x_tim.o
                0x08000a90                TIM_ITConfig
 .text.TIM_SelectOutputTrigger
                0x08000adc       0x38 Libraries\STM32F10x_StdPeriph_Driver\src\stm32f10x_tim.o
                0x08000adc                TIM_SelectOutputTrigger
 .text.TIM_GetITStatus
                0x08000b14       0x64 Libraries\STM32F10x_StdPeriph_Driver\src\stm32f10x_tim.o
                0x08000b14                TIM_GetITStatus
 .text.TIM_ClearITPendingBit
                0x08000b78       0x24 Libraries\STM32F10x_StdPeriph_Driver\src\stm32f10x_tim.o
                0x08000b78                TIM_ClearITPendingBit
 .text.RCC_ADCCLKConfig
                0x08000b9c       0x44 Libraries\STM32F10x_StdPeriph_Driver\src\stm32f10x_rcc.o
                0x08000b9c                RCC_ADCCLKConfig
 .text.RCC_AHBPeriphClockCmd
                0x08000be0       0x5c Libraries\STM32F10x_StdPeriph_Driver\src\stm32f10x_rcc.o
                0x08000be0                RCC_AHBPeriphClockCmd
 .text.RCC_APB2PeriphClockCmd
                0x08000c3c       0x5c Libraries\STM32F10x_StdPeriph_Driver\src\stm32f10x_rcc.o
                0x08000c3c                RCC_APB2PeriphClockCmd
 .text.RCC_APB1PeriphClockCmd
                0x08000c98       0x5c Libraries\STM32F10x_StdPeriph_Driver\src\stm32f10x_rcc.o
                0x08000c98                RCC_APB1PeriphClockCmd
 .text.GPIO_Init
                0x08000cf4      0x1c0 Libraries\STM32F10x_StdPeriph_Driver\src\stm32f10x_gpio.o
                0x08000cf4                GPIO_Init
 .text.DMA_DeInit
                0x08000eb4      0x224 Libraries\STM32F10x_StdPeriph_Driver\src\stm32f10x_dma.o
                0x08000eb4                DMA_DeInit
 .text.DMA_Init
                0x080010d8       0x84 Libraries\STM32F10x_StdPeriph_Driver\src\stm32f10x_dma.o
                0x080010d8                DMA_Init
 .text.DMA_Cmd  0x0800115c       0x3c Libraries\STM32F10x_StdPeriph_Driver\src\stm32f10x_dma.o
                0x0800115c                DMA_Cmd
 .text.DMA_ITConfig
                0x08001198       0x40 Libraries\STM32F10x_StdPeriph_Driver\src\stm32f10x_dma.o
                0x08001198                DMA_ITConfig
 .text.DMA_GetFlagStatus
                0x080011d8       0x60 Libraries\STM32F10x_StdPeriph_Driver\src\stm32f10x_dma.o
                0x080011d8                DMA_GetFlagStatus
 .text.DAC_Init
                0x08001238       0x78 Libraries\STM32F10x_StdPeriph_Driver\src\stm32f10x_dac.o
                0x08001238                DAC_Init
 .text.DAC_StructInit
                0x080012b0       0x34 Libraries\STM32F10x_StdPeriph_Driver\src\stm32f10x_dac.o
                0x080012b0                DAC_StructInit
 .text.DAC_Cmd  0x080012e4       0x6c Libraries\STM32F10x_StdPeriph_Driver\src\stm32f10x_dac.o
                0x080012e4                DAC_Cmd
 .text.DAC_DMACmd
                0x08001350       0x6c Libraries\STM32F10x_StdPeriph_Driver\src\stm32f10x_dac.o
                0x08001350                DAC_DMACmd
 .text.ADC_Init
                0x080013bc       0xc0 Libraries\STM32F10x_StdPeriph_Driver\src\stm32f10x_adc.o
                0x080013bc                ADC_Init
 .text.ADC_Cmd  0x0800147c       0x38 Libraries\STM32F10x_StdPeriph_Driver\src\stm32f10x_adc.o
                0x0800147c                ADC_Cmd
 .text.ADC_DMACmd
                0x080014b4       0x38 Libraries\STM32F10x_StdPeriph_Driver\src\stm32f10x_adc.o
                0x080014b4                ADC_DMACmd
 .text.ADC_ResetCalibration
                0x080014ec       0x20 Libraries\STM32F10x_StdPeriph_Driver\src\stm32f10x_adc.o
                0x080014ec                ADC_ResetCalibration
 .text.ADC_GetResetCalibrationStatus
                0x0800150c       0x38 Libraries\STM32F10x_StdPeriph_Driver\src\stm32f10x_adc.o
                0x0800150c                ADC_GetResetCalibrationStatus
 .text.ADC_StartCalibration
                0x08001544       0x20 Libraries\STM32F10x_StdPeriph_Driver\src\stm32f10x_adc.o
                0x08001544                ADC_StartCalibration
 .text.ADC_GetCalibrationStatus
                0x08001564       0x38 Libraries\STM32F10x_StdPeriph_Driver\src\stm32f10x_adc.o
                0x08001564                ADC_GetCalibrationStatus
 .text.ADC_SoftwareStartConvCmd
                0x0800159c       0x38 Libraries\STM32F10x_StdPeriph_Driver\src\stm32f10x_adc.o
                0x0800159c                ADC_SoftwareStartConvCmd
 .text.ADC_RegularChannelConfig
                0x080015d4      0x1d0 Libraries\STM32F10x_StdPeriph_Driver\src\stm32f10x_adc.o
                0x080015d4                ADC_RegularChannelConfig
 .text.ADC_ExternalTrigConvCmd
                0x080017a4       0x38 Libraries\STM32F10x_StdPeriph_Driver\src\stm32f10x_adc.o
                0x080017a4                ADC_ExternalTrigConvCmd
 .text.NVIC_Init
                0x080017dc       0xec Libraries\STM32F10x_StdPeriph_Driver\src\misc.o
                0x080017dc                NVIC_Init
 .text.Reset_Handler
                0x080018c8       0x48 Libraries\CMSIS\CM3\DeviceSupport\ST\STM32F10x\startup\TrueSTUDIO\startup_stm32f10x_md_vl.o
                0x080018c8                Reset_Handler
 .text.Default_Handler
                0x08001910        0x2 Libraries\CMSIS\CM3\DeviceSupport\ST\STM32F10x\startup\TrueSTUDIO\startup_stm32f10x_md_vl.o
                0x08001910                EXTI2_IRQHandler
                0x08001910                TIM1_CC_IRQHandler
                0x08001910                PVD_IRQHandler
                0x08001910                EXTI3_IRQHandler
                0x08001910                EXTI0_IRQHandler
                0x08001910                I2C2_EV_IRQHandler
                0x08001910                TIM1_UP_TIM16_IRQHandler
                0x08001910                SPI1_IRQHandler
                0x08001910                TAMPER_IRQHandler
                0x08001910                TIM6_DAC_IRQHandler
                0x08001910                DMA1_Channel4_IRQHandler
                0x08001910                ADC1_IRQHandler
                0x08001910                USART3_IRQHandler
                0x08001910                RTC_IRQHandler
                0x08001910                DMA1_Channel7_IRQHandler
                0x08001910                TIM4_IRQHandler
                0x08001910                I2C1_EV_IRQHandler
                0x08001910                DMA1_Channel6_IRQHandler
                0x08001910                TIM3_IRQHandler
                0x08001910                RCC_IRQHandler
                0x08001910                DMA1_Channel1_IRQHandler
                0x08001910                Default_Handler
                0x08001910                CEC_IRQHandler
                0x08001910                EXTI15_10_IRQHandler
                0x08001910                TIM7_IRQHandler
                0x08001910                EXTI9_5_IRQHandler
                0x08001910                SPI2_IRQHandler
                0x08001910                DMA1_Channel5_IRQHandler
                0x08001910                EXTI4_IRQHandler
                0x08001910                TIM1_TRG_COM_TIM17_IRQHandler
                0x08001910                DMA1_Channel3_IRQHandler
                0x08001910                WWDG_IRQHandler
                0x08001910                EXTI1_IRQHandler
                0x08001910                RTCAlarm_IRQHandler
                0x08001910                USART2_IRQHandler
                0x08001910                I2C2_ER_IRQHandler
                0x08001910                DMA1_Channel2_IRQHandler
                0x08001910                FLASH_IRQHandler
                0x08001910                USART1_IRQHandler
                0x08001910                I2C1_ER_IRQHandler
                0x08001910                TIM1_BRK_TIM15_IRQHandler
 *fill*         0x08001912        0x2 00
 .text.__libc_init_array
                0x08001914       0x48 c:/program files/atollic/truestudio for stmicroelectronics stm32 lite 2.3.0/armtools/bin/../lib/gcc/arm-atollic-eabi/4.5.1/../../../../arm-atollic-eabi/lib/thumb/thumb2\libc.a(lib_a-init.o)
                0x08001914                __libc_init_array
 *(.rodata)
 *(.rodata*)
 *(.glue_7)
 .glue_7        0x00000000        0x0 linker stubs
 *(.glue_7t)
 .glue_7t       0x00000000        0x0 linker stubs
 *(.eh_frame)
 *(.init)
 .init          0x0800195c        0x4 c:/program files/atollic/truestudio for stmicroelectronics stm32 lite 2.3.0/armtools/bin/../lib/gcc/arm-atollic-eabi/4.5.1/thumb/thumb2/crti.o
                0x0800195c                _init
 .init          0x08001960        0x8 c:/program files/atollic/truestudio for stmicroelectronics stm32 lite 2.3.0/armtools/bin/../lib/gcc/arm-atollic-eabi/4.5.1/thumb/thumb2/crtn.o
 *(.fini)
 .fini          0x08001968        0x4 c:/program files/atollic/truestudio for stmicroelectronics stm32 lite 2.3.0/armtools/bin/../lib/gcc/arm-atollic-eabi/4.5.1/thumb/thumb2/crti.o
                0x08001968                _fini
 .fini          0x0800196c        0x8 c:/program files/atollic/truestudio for stmicroelectronics stm32 lite 2.3.0/armtools/bin/../lib/gcc/arm-atollic-eabi/4.5.1/thumb/thumb2/crtn.o
                0x08001974                . = ALIGN (0x4)
                0x08001974                _etext = .

.vfp11_veneer   0x08001974        0x0
 .vfp11_veneer  0x00000000        0x0 linker stubs

.v4_bx          0x08001974        0x0
 .v4_bx         0x00000000        0x0 linker stubs

.ARM.extab
 *(.ARM.extab* .gnu.linkonce.armextab.*)

.ARM            0x08001974        0x0
                0x08001974                __exidx_start = .
 *(.ARM.exidx*)
                0x08001974                __exidx_end = .

.preinit_array  0x08001974        0x0
                0x08001974                PROVIDE (__preinit_array_start, .)
 *(.preinit_array*)
                0x08001974                PROVIDE (__preinit_array_end, .)

.init_array     0x08001974        0x4
                0x08001974                PROVIDE (__init_array_start, .)
 *(SORT(.init_array.*))
 *(.init_array*)
 .init_array    0x08001974        0x4 c:/program files/atollic/truestudio for stmicroelectronics stm32 lite 2.3.0/armtools/bin/../lib/gcc/arm-atollic-eabi/4.5.1/thumb/thumb2/crtbegin.o
                0x08001978                PROVIDE (__init_array_end, .)

.fini_array     0x08001978        0x4
                0x08001978                PROVIDE (__fini_array_start, .)
 *(.fini_array*)
 .fini_array    0x08001978        0x4 c:/program files/atollic/truestudio for stmicroelectronics stm32 lite 2.3.0/armtools/bin/../lib/gcc/arm-atollic-eabi/4.5.1/thumb/thumb2/crtbegin.o
 *(SORT(.fini_array.*))
                0x0800197c                PROVIDE (__fini_array_end, .)
                0x0800197c                _sidata = .

.data           0x20000000        0x0 load address 0x0800197c
                0x20000000                . = ALIGN (0x4)
                0x20000000                _sdata = .
 *(.data)
 *(.data*)
                0x20000000                . = ALIGN (0x4)
                0x20000000                _edata = .

.jcr            0x20000000        0x0 load address 0x0800197c
 .jcr           0x20000000        0x0 c:/program files/atollic/truestudio for stmicroelectronics stm32 lite 2.3.0/armtools/bin/../lib/gcc/arm-atollic-eabi/4.5.1/thumb/thumb2/crtbegin.o
                0x20000000                . = ALIGN (0x4)

.bss            0x20000000      0x214 load address 0x0800197c
                0x20000000                _sbss = .
                0x20000000                __bss_start__ = _sbss
 *(.bss)
 .bss           0x20000000        0x1 c:/program files/atollic/truestudio for stmicroelectronics stm32 lite 2.3.0/armtools/bin/../lib/gcc/arm-atollic-eabi/4.5.1/thumb/thumb2/crtbegin.o
 *(.bss*)
 *(COMMON)
 *fill*         0x20000001        0x3 00
 COMMON         0x20000004      0x20e src\main.o
                0x20000004                n
                0x20000008                DACBuffer
                0x200001fc                otherTIM
                0x20000200                timerFreq
                0x20000204                aRRTimer
                0x20000208                fTimer
                0x2000020c                timerPeriod
                0x2000020e                otherPeriod
                0x20000210                G4Period
                0x20000214                . = ALIGN (0x4)
 *fill*         0x20000212        0x2 00
                0x20000214                _ebss = .
                0x20000214                __bss_end__ = _ebss

._user_heap_stack
                0x20000214       0x80 load address 0x0800197c
                0x20000214                . = ALIGN (0x4)
                0x20000214                PROVIDE (end, .)
                0x20000214                PROVIDE (_end, .)
                0x20000214                . = (. + _Min_Heap_Size)
                0x20000294                . = (. + _Min_Stack_Size)
 *fill*         0x20000214       0x80 00
                0x20000294                . = ALIGN (0x4)

.memory_b1_text
 *(.mb1text)
 *(.mb1text*)
 *(.mb1rodata)
 *(.mb1rodata*)

/DISCARD/
 libc.a(*)
 libm.a(*)
 libgcc.a(*)

.ARM.attributes
                0x00000000       0x25
 *(.ARM.attributes)
 .ARM.attributes
                0x00000000       0x19 c:/program files/atollic/truestudio for stmicroelectronics stm32 lite 2.3.0/armtools/bin/../lib/gcc/arm-atollic-eabi/4.5.1/thumb/thumb2/crti.o
 .ARM.attributes
                0x00000019       0x29 c:/program files/atollic/truestudio for stmicroelectronics stm32 lite 2.3.0/armtools/bin/../lib/gcc/arm-atollic-eabi/4.5.1/thumb/thumb2/crtbegin.o
 .ARM.attributes
                0x00000042       0x31 src\system_stm32f10x.o
 .ARM.attributes
                0x00000073       0x31 src\stm32f10x_it.o
 .ARM.attributes
                0x000000a4       0x31 src\main.o
 .ARM.attributes
                0x000000d5       0x31 Utilities\STM32_EVAL\STM32_Discovery\STM32vldiscovery.o
 .ARM.attributes
                0x00000106       0x31 Libraries\STM32F10x_StdPeriph_Driver\src\stm32f10x_wwdg.o
 .ARM.attributes
                0x00000137       0x31 Libraries\STM32F10x_StdPeriph_Driver\src\stm32f10x_usart.o
 .ARM.attributes
                0x00000168       0x31 Libraries\STM32F10x_StdPeriph_Driver\src\stm32f10x_tim.o
 .ARM.attributes
                0x00000199       0x31 Libraries\STM32F10x_StdPeriph_Driver\src\stm32f10x_spi.o
 .ARM.attributes
                0x000001ca       0x31 Libraries\STM32F10x_StdPeriph_Driver\src\stm32f10x_sdio.o
 .ARM.attributes
                0x000001fb       0x31 Libraries\STM32F10x_StdPeriph_Driver\src\stm32f10x_rtc.o
 .ARM.attributes
                0x0000022c       0x31 Libraries\STM32F10x_StdPeriph_Driver\src\stm32f10x_rcc.o
 .ARM.attributes
                0x0000025d       0x31 Libraries\STM32F10x_StdPeriph_Driver\src\stm32f10x_pwr.o
 .ARM.attributes
                0x0000028e       0x31 Libraries\STM32F10x_StdPeriph_Driver\src\stm32f10x_iwdg.o
 .ARM.attributes
                0x000002bf       0x31 Libraries\STM32F10x_StdPeriph_Driver\src\stm32f10x_i2c.o
 .ARM.attributes
                0x000002f0       0x31 Libraries\STM32F10x_StdPeriph_Driver\src\stm32f10x_gpio.o
 .ARM.attributes
                0x00000321       0x31 Libraries\STM32F10x_StdPeriph_Driver\src\stm32f10x_fsmc.o
 .ARM.attributes
                0x00000352       0x31 Libraries\STM32F10x_StdPeriph_Driver\src\stm32f10x_flash.o
 .ARM.attributes
                0x00000383       0x31 Libraries\STM32F10x_StdPeriph_Driver\src\stm32f10x_exti.o
 .ARM.attributes
                0x000003b4       0x31 Libraries\STM32F10x_StdPeriph_Driver\src\stm32f10x_dma.o
 .ARM.attributes
                0x000003e5       0x31 Libraries\STM32F10x_StdPeriph_Driver\src\stm32f10x_dbgmcu.o
 .ARM.attributes
                0x00000416       0x31 Libraries\STM32F10x_StdPeriph_Driver\src\stm32f10x_dac.o
 .ARM.attributes
                0x00000447       0x31 Libraries\STM32F10x_StdPeriph_Driver\src\stm32f10x_crc.o
 .ARM.attributes
                0x00000478       0x31 Libraries\STM32F10x_StdPeriph_Driver\src\stm32f10x_cec.o
 .ARM.attributes
                0x000004a9       0x31 Libraries\STM32F10x_StdPeriph_Driver\src\stm32f10x_can.o
 .ARM.attributes
                0x000004da       0x31 Libraries\STM32F10x_StdPeriph_Driver\src\stm32f10x_bkp.o
 .ARM.attributes
                0x0000050b       0x31 Libraries\STM32F10x_StdPeriph_Driver\src\stm32f10x_adc.o
 .ARM.attributes
                0x0000053c       0x31 Libraries\STM32F10x_StdPeriph_Driver\src\misc.o
 .ARM.attributes
                0x0000056d       0x21 Libraries\CMSIS\CM3\DeviceSupport\ST\STM32F10x\startup\TrueSTUDIO\startup_stm32f10x_md_vl.o
 .ARM.attributes
                0x0000058e       0x31 Libraries\CMSIS\CM3\CoreSupport\core_cm3.o
 .ARM.attributes
                0x000005bf       0x29 c:/program files/atollic/truestudio for stmicroelectronics stm32 lite 2.3.0/armtools/bin/../lib/gcc/arm-atollic-eabi/4.5.1/../../../../arm-atollic-eabi/lib/thumb/thumb2\libc.a(lib_a-init.o)
 .ARM.attributes
                0x000005e8       0x29 c:/program files/atollic/truestudio for stmicroelectronics stm32 lite 2.3.0/armtools/bin/../lib/gcc/arm-atollic-eabi/4.5.1/thumb/thumb2/crtend.o
 .ARM.attributes
                0x00000611       0x19 c:/program files/atollic/truestudio for stmicroelectronics stm32 lite 2.3.0/armtools/bin/../lib/gcc/arm-atollic-eabi/4.5.1/thumb/thumb2/crtn.o
OUTPUT(jarvis.elf elf32-littlearm)

.debug_line     0x00000000     0x6025
 .debug_line    0x00000000       0x6d c:/program files/atollic/truestudio for stmicroelectronics stm32 lite 2.3.0/armtools/bin/../lib/gcc/arm-atollic-eabi/4.5.1/thumb/thumb2/crti.o
 .debug_line    0x0000006d      0x20f src\system_stm32f10x.o
 .debug_line    0x0000027c      0x10e src\stm32f10x_it.o
 .debug_line    0x0000038a      0x303 src\main.o
 .debug_line    0x0000068d      0x298 Utilities\STM32_EVAL\STM32_Discovery\STM32vldiscovery.o
 .debug_line    0x00000925      0x212 Libraries\STM32F10x_StdPeriph_Driver\src\stm32f10x_wwdg.o
 .debug_line    0x00000b37      0x46a Libraries\STM32F10x_StdPeriph_Driver\src\stm32f10x_usart.o
 .debug_line    0x00000fa1      0xa64 Libraries\STM32F10x_StdPeriph_Driver\src\stm32f10x_tim.o
 .debug_line    0x00001a05      0x3f1 Libraries\STM32F10x_StdPeriph_Driver\src\stm32f10x_spi.o
 .debug_line    0x00001df6      0x41a Libraries\STM32F10x_StdPeriph_Driver\src\stm32f10x_sdio.o
 .debug_line    0x00002210      0x2a8 Libraries\STM32F10x_StdPeriph_Driver\src\stm32f10x_rtc.o
 .debug_line    0x000024b8      0x4a5 Libraries\STM32F10x_StdPeriph_Driver\src\stm32f10x_rcc.o
 .debug_line    0x0000295d      0x265 Libraries\STM32F10x_StdPeriph_Driver\src\stm32f10x_pwr.o
 .debug_line    0x00002bc2      0x1eb Libraries\STM32F10x_StdPeriph_Driver\src\stm32f10x_iwdg.o
 .debug_line    0x00002dad      0x4a6 Libraries\STM32F10x_StdPeriph_Driver\src\stm32f10x_i2c.o
 .debug_line    0x00003253      0x37e Libraries\STM32F10x_StdPeriph_Driver\src\stm32f10x_gpio.o
 .debug_line    0x000035d1      0x42f Libraries\STM32F10x_StdPeriph_Driver\src\stm32f10x_fsmc.o
 .debug_line    0x00003a00      0x4a9 Libraries\STM32F10x_StdPeriph_Driver\src\stm32f10x_flash.o
 .debug_line    0x00003ea9      0x277 Libraries\STM32F10x_StdPeriph_Driver\src\stm32f10x_exti.o
 .debug_line    0x00004120      0x2d2 Libraries\STM32F10x_StdPeriph_Driver\src\stm32f10x_dma.o
 .debug_line    0x000043f2      0x1b5 Libraries\STM32F10x_StdPeriph_Driver\src\stm32f10x_dbgmcu.o
 .debug_line    0x000045a7      0x32e Libraries\STM32F10x_StdPeriph_Driver\src\stm32f10x_dac.o
 .debug_line    0x000048d5      0x1fa Libraries\STM32F10x_StdPeriph_Driver\src\stm32f10x_crc.o
 .debug_line    0x00004acf      0x2e2 Libraries\STM32F10x_StdPeriph_Driver\src\stm32f10x_cec.o
 .debug_line    0x00004db1      0x540 Libraries\STM32F10x_StdPeriph_Driver\src\stm32f10x_can.o
 .debug_line    0x000052f1      0x261 Libraries\STM32F10x_StdPeriph_Driver\src\stm32f10x_bkp.o
 .debug_line    0x00005552      0x4f2 Libraries\STM32F10x_StdPeriph_Driver\src\stm32f10x_adc.o
 .debug_line    0x00005a44      0x213 Libraries\STM32F10x_StdPeriph_Driver\src\misc.o
 .debug_line    0x00005c57       0xb4 Libraries\CMSIS\CM3\DeviceSupport\ST\STM32F10x\startup\TrueSTUDIO\startup_stm32f10x_md_vl.o
 .debug_line    0x00005d0b      0x2aa Libraries\CMSIS\CM3\CoreSupport\core_cm3.o
 .debug_line    0x00005fb5       0x70 c:/program files/atollic/truestudio for stmicroelectronics stm32 lite 2.3.0/armtools/bin/../lib/gcc/arm-atollic-eabi/4.5.1/thumb/thumb2/crtn.o

.debug_info     0x00000000     0xd257
 .debug_info    0x00000000       0x7f c:/program files/atollic/truestudio for stmicroelectronics stm32 lite 2.3.0/armtools/bin/../lib/gcc/arm-atollic-eabi/4.5.1/thumb/thumb2/crti.o
 .debug_info    0x0000007f      0x437 src\system_stm32f10x.o
 .debug_info    0x000004b6      0x14e src\stm32f10x_it.o
 .debug_info    0x00000604      0xc35 src\main.o
 .debug_info    0x00001239      0x792 Utilities\STM32_EVAL\STM32_Discovery\STM32vldiscovery.o
 .debug_info    0x000019cb      0x239 Libraries\STM32F10x_StdPeriph_Driver\src\stm32f10x_wwdg.o
 .debug_info    0x00001c04      0xa70 Libraries\STM32F10x_StdPeriph_Driver\src\stm32f10x_usart.o
 .debug_info    0x00002674     0x1e1c Libraries\STM32F10x_StdPeriph_Driver\src\stm32f10x_tim.o
 .debug_info    0x00004490      0x975 Libraries\STM32F10x_StdPeriph_Driver\src\stm32f10x_spi.o
 .debug_info    0x00004e05      0x893 Libraries\STM32F10x_StdPeriph_Driver\src\stm32f10x_sdio.o
 .debug_info    0x00005698      0x46e Libraries\STM32F10x_StdPeriph_Driver\src\stm32f10x_rtc.o
 .debug_info    0x00005b06      0x97a Libraries\STM32F10x_StdPeriph_Driver\src\stm32f10x_rcc.o
 .debug_info    0x00006480      0x45f Libraries\STM32F10x_StdPeriph_Driver\src\stm32f10x_pwr.o
 .debug_info    0x000068df      0x204 Libraries\STM32F10x_StdPeriph_Driver\src\stm32f10x_iwdg.o
 .debug_info    0x00006ae3      0xb98 Libraries\STM32F10x_StdPeriph_Driver\src\stm32f10x_i2c.o
 .debug_info    0x0000767b      0x727 Libraries\STM32F10x_StdPeriph_Driver\src\stm32f10x_gpio.o
 .debug_info    0x00007da2      0x99d Libraries\STM32F10x_StdPeriph_Driver\src\stm32f10x_fsmc.o
 .debug_info    0x0000873f      0x81d Libraries\STM32F10x_StdPeriph_Driver\src\stm32f10x_flash.o
 .debug_info    0x00008f5c      0x365 Libraries\STM32F10x_StdPeriph_Driver\src\stm32f10x_exti.o
 .debug_info    0x000092c1      0x4a6 Libraries\STM32F10x_StdPeriph_Driver\src\stm32f10x_dma.o
 .debug_info    0x00009767      0x15e Libraries\STM32F10x_StdPeriph_Driver\src\stm32f10x_dbgmcu.o
 .debug_info    0x000098c5      0x675 Libraries\STM32F10x_StdPeriph_Driver\src\stm32f10x_dac.o
 .debug_info    0x00009f3a      0x204 Libraries\STM32F10x_StdPeriph_Driver\src\stm32f10x_crc.o
 .debug_info    0x0000a13e      0x440 Libraries\STM32F10x_StdPeriph_Driver\src\stm32f10x_cec.o
 .debug_info    0x0000a57e      0xc5b Libraries\STM32F10x_StdPeriph_Driver\src\stm32f10x_can.o
 .debug_info    0x0000b1d9      0x87d Libraries\STM32F10x_StdPeriph_Driver\src\stm32f10x_bkp.o
 .debug_info    0x0000ba56      0xc12 Libraries\STM32F10x_StdPeriph_Driver\src\stm32f10x_adc.o
 .debug_info    0x0000c668      0x54a Libraries\STM32F10x_StdPeriph_Driver\src\misc.o
 .debug_info    0x0000cbb2       0xda Libraries\CMSIS\CM3\DeviceSupport\ST\STM32F10x\startup\TrueSTUDIO\startup_stm32f10x_md_vl.o
 .debug_info    0x0000cc8c      0x54c Libraries\CMSIS\CM3\CoreSupport\core_cm3.o
 .debug_info    0x0000d1d8       0x7f c:/program files/atollic/truestudio for stmicroelectronics stm32 lite 2.3.0/armtools/bin/../lib/gcc/arm-atollic-eabi/4.5.1/thumb/thumb2/crtn.o

.debug_abbrev   0x00000000     0x2578
 .debug_abbrev  0x00000000       0x12 c:/program files/atollic/truestudio for stmicroelectronics stm32 lite 2.3.0/armtools/bin/../lib/gcc/arm-atollic-eabi/4.5.1/thumb/thumb2/crti.o
 .debug_abbrev  0x00000012      0x180 src\system_stm32f10x.o
 .debug_abbrev  0x00000192       0x59 src\stm32f10x_it.o
 .debug_abbrev  0x000001eb      0x1c8 src\main.o
 .debug_abbrev  0x000003b3      0x178 Utilities\STM32_EVAL\STM32_Discovery\STM32vldiscovery.o
 .debug_abbrev  0x0000052b       0xfa Libraries\STM32F10x_StdPeriph_Driver\src\stm32f10x_wwdg.o
 .debug_abbrev  0x00000625      0x15d Libraries\STM32F10x_StdPeriph_Driver\src\stm32f10x_usart.o
 .debug_abbrev  0x00000782      0x174 Libraries\STM32F10x_StdPeriph_Driver\src\stm32f10x_tim.o
 .debug_abbrev  0x000008f6      0x15f Libraries\STM32F10x_StdPeriph_Driver\src\stm32f10x_spi.o
 .debug_abbrev  0x00000a55      0x1a4 Libraries\STM32F10x_StdPeriph_Driver\src\stm32f10x_sdio.o
 .debug_abbrev  0x00000bf9      0x168 Libraries\STM32F10x_StdPeriph_Driver\src\stm32f10x_rtc.o
 .debug_abbrev  0x00000d61      0x193 Libraries\STM32F10x_StdPeriph_Driver\src\stm32f10x_rcc.o
 .debug_abbrev  0x00000ef4      0x186 Libraries\STM32F10x_StdPeriph_Driver\src\stm32f10x_pwr.o
 .debug_abbrev  0x0000107a       0xfc Libraries\STM32F10x_StdPeriph_Driver\src\stm32f10x_iwdg.o
 .debug_abbrev  0x00001176      0x15f Libraries\STM32F10x_StdPeriph_Driver\src\stm32f10x_i2c.o
 .debug_abbrev  0x000012d5      0x1a6 Libraries\STM32F10x_StdPeriph_Driver\src\stm32f10x_gpio.o
 .debug_abbrev  0x0000147b      0x168 Libraries\STM32F10x_StdPeriph_Driver\src\stm32f10x_fsmc.o
 .debug_abbrev  0x000015e3      0x164 Libraries\STM32F10x_StdPeriph_Driver\src\stm32f10x_flash.o
 .debug_abbrev  0x00001747      0x14c Libraries\STM32F10x_StdPeriph_Driver\src\stm32f10x_exti.o
 .debug_abbrev  0x00001893      0x150 Libraries\STM32F10x_StdPeriph_Driver\src\stm32f10x_dma.o
 .debug_abbrev  0x000019e3       0xdc Libraries\STM32F10x_StdPeriph_Driver\src\stm32f10x_dbgmcu.o
 .debug_abbrev  0x00001abf      0x174 Libraries\STM32F10x_StdPeriph_Driver\src\stm32f10x_dac.o
 .debug_abbrev  0x00001c33      0x10c Libraries\STM32F10x_StdPeriph_Driver\src\stm32f10x_crc.o
 .debug_abbrev  0x00001d3f      0x18b Libraries\STM32F10x_StdPeriph_Driver\src\stm32f10x_cec.o
 .debug_abbrev  0x00001eca      0x1ae Libraries\STM32F10x_StdPeriph_Driver\src\stm32f10x_can.o
 .debug_abbrev  0x00002078      0x158 Libraries\STM32F10x_StdPeriph_Driver\src\stm32f10x_bkp.o
 .debug_abbrev  0x000021d0      0x176 Libraries\STM32F10x_StdPeriph_Driver\src\stm32f10x_adc.o
 .debug_abbrev  0x00002346      0x137 Libraries\STM32F10x_StdPeriph_Driver\src\misc.o
 .debug_abbrev  0x0000247d       0x12 Libraries\CMSIS\CM3\DeviceSupport\ST\STM32F10x\startup\TrueSTUDIO\startup_stm32f10x_md_vl.o
 .debug_abbrev  0x0000248f       0xd7 Libraries\CMSIS\CM3\CoreSupport\core_cm3.o
 .debug_abbrev  0x00002566       0x12 c:/program files/atollic/truestudio for stmicroelectronics stm32 lite 2.3.0/armtools/bin/../lib/gcc/arm-atollic-eabi/4.5.1/thumb/thumb2/crtn.o

.debug_aranges  0x00000000     0x13a8
 .debug_aranges
                0x00000000       0x28 c:/program files/atollic/truestudio for stmicroelectronics stm32 lite 2.3.0/armtools/bin/../lib/gcc/arm-atollic-eabi/4.5.1/thumb/thumb2/crti.o
 .debug_aranges
                0x00000028       0x38 src\system_stm32f10x.o
 .debug_aranges
                0x00000060       0x60 src\stm32f10x_it.o
 .debug_aranges
                0x000000c0       0x60 src\main.o
 .debug_aranges
                0x00000120       0x48 Utilities\STM32_EVAL\STM32_Discovery\STM32vldiscovery.o
 .debug_aranges
                0x00000168       0x58 Libraries\STM32F10x_StdPeriph_Driver\src\stm32f10x_wwdg.o
 .debug_aranges
                0x000001c0      0x100 Libraries\STM32F10x_StdPeriph_Driver\src\stm32f10x_usart.o
 .debug_aranges
                0x000002c0      0x2f0 Libraries\STM32F10x_StdPeriph_Driver\src\stm32f10x_tim.o
 .debug_aranges
                0x000005b0       0xd0 Libraries\STM32F10x_StdPeriph_Driver\src\stm32f10x_spi.o
 .debug_aranges
                0x00000680      0x108 Libraries\STM32F10x_StdPeriph_Driver\src\stm32f10x_sdio.o
 .debug_aranges
                0x00000788       0x88 Libraries\STM32F10x_StdPeriph_Driver\src\stm32f10x_rtc.o
 .debug_aranges
                0x00000810      0x120 Libraries\STM32F10x_StdPeriph_Driver\src\stm32f10x_rcc.o
 .debug_aranges
                0x00000930       0x70 Libraries\STM32F10x_StdPeriph_Driver\src\stm32f10x_pwr.o
 .debug_aranges
                0x000009a0       0x48 Libraries\STM32F10x_StdPeriph_Driver\src\stm32f10x_iwdg.o
 .debug_aranges
                0x000009e8      0x120 Libraries\STM32F10x_StdPeriph_Driver\src\stm32f10x_i2c.o
 .debug_aranges
                0x00000b08       0xa8 Libraries\STM32F10x_StdPeriph_Driver\src\stm32f10x_gpio.o
 .debug_aranges
                0x00000bb0       0xb0 Libraries\STM32F10x_StdPeriph_Driver\src\stm32f10x_fsmc.o
 .debug_aranges
                0x00000c60       0xf8 Libraries\STM32F10x_StdPeriph_Driver\src\stm32f10x_flash.o
 .debug_aranges
                0x00000d58       0x58 Libraries\STM32F10x_StdPeriph_Driver\src\stm32f10x_exti.o
 .debug_aranges
                0x00000db0       0x70 Libraries\STM32F10x_StdPeriph_Driver\src\stm32f10x_dma.o
 .debug_aranges
                0x00000e20       0x30 Libraries\STM32F10x_StdPeriph_Driver\src\stm32f10x_dbgmcu.o
 .debug_aranges
                0x00000e50       0xa0 Libraries\STM32F10x_StdPeriph_Driver\src\stm32f10x_dac.o
 .debug_aranges
                0x00000ef0       0x48 Libraries\STM32F10x_StdPeriph_Driver\src\stm32f10x_crc.o
 .debug_aranges
                0x00000f38       0x88 Libraries\STM32F10x_StdPeriph_Driver\src\stm32f10x_cec.o
 .debug_aranges
                0x00000fc0       0xe0 Libraries\STM32F10x_StdPeriph_Driver\src\stm32f10x_can.o
 .debug_aranges
                0x000010a0       0x78 Libraries\STM32F10x_StdPeriph_Driver\src\stm32f10x_bkp.o
 .debug_aranges
                0x00001118      0x138 Libraries\STM32F10x_StdPeriph_Driver\src\stm32f10x_adc.o
 .debug_aranges
                0x00001250       0x40 Libraries\STM32F10x_StdPeriph_Driver\src\misc.o
 .debug_aranges
                0x00001290       0x28 Libraries\CMSIS\CM3\DeviceSupport\ST\STM32F10x\startup\TrueSTUDIO\startup_stm32f10x_md_vl.o
 .debug_aranges
                0x000012b8       0xc8 Libraries\CMSIS\CM3\CoreSupport\core_cm3.o
 .debug_aranges
                0x00001380       0x28 c:/program files/atollic/truestudio for stmicroelectronics stm32 lite 2.3.0/armtools/bin/../lib/gcc/arm-atollic-eabi/4.5.1/thumb/thumb2/crtn.o

.debug_ranges   0x00000000     0x11d0
 .debug_ranges  0x00000000       0x20 c:/program files/atollic/truestudio for stmicroelectronics stm32 lite 2.3.0/armtools/bin/../lib/gcc/arm-atollic-eabi/4.5.1/thumb/thumb2/crti.o
 .debug_ranges  0x00000020       0x28 src\system_stm32f10x.o
 .debug_ranges  0x00000048       0x50 src\stm32f10x_it.o
 .debug_ranges  0x00000098       0x50 src\main.o
 .debug_ranges  0x000000e8       0x38 Utilities\STM32_EVAL\STM32_Discovery\STM32vldiscovery.o
 .debug_ranges  0x00000120       0x48 Libraries\STM32F10x_StdPeriph_Driver\src\stm32f10x_wwdg.o
 .debug_ranges  0x00000168       0xf0 Libraries\STM32F10x_StdPeriph_Driver\src\stm32f10x_usart.o
 .debug_ranges  0x00000258      0x2e0 Libraries\STM32F10x_StdPeriph_Driver\src\stm32f10x_tim.o
 .debug_ranges  0x00000538       0xc0 Libraries\STM32F10x_StdPeriph_Driver\src\stm32f10x_spi.o
 .debug_ranges  0x000005f8       0xf8 Libraries\STM32F10x_StdPeriph_Driver\src\stm32f10x_sdio.o
 .debug_ranges  0x000006f0       0x78 Libraries\STM32F10x_StdPeriph_Driver\src\stm32f10x_rtc.o
 .debug_ranges  0x00000768      0x110 Libraries\STM32F10x_StdPeriph_Driver\src\stm32f10x_rcc.o
 .debug_ranges  0x00000878       0x60 Libraries\STM32F10x_StdPeriph_Driver\src\stm32f10x_pwr.o
 .debug_ranges  0x000008d8       0x38 Libraries\STM32F10x_StdPeriph_Driver\src\stm32f10x_iwdg.o
 .debug_ranges  0x00000910      0x110 Libraries\STM32F10x_StdPeriph_Driver\src\stm32f10x_i2c.o
 .debug_ranges  0x00000a20       0x98 Libraries\STM32F10x_StdPeriph_Driver\src\stm32f10x_gpio.o
 .debug_ranges  0x00000ab8       0xa0 Libraries\STM32F10x_StdPeriph_Driver\src\stm32f10x_fsmc.o
 .debug_ranges  0x00000b58       0xe8 Libraries\STM32F10x_StdPeriph_Driver\src\stm32f10x_flash.o
 .debug_ranges  0x00000c40       0x48 Libraries\STM32F10x_StdPeriph_Driver\src\stm32f10x_exti.o
 .debug_ranges  0x00000c88       0x60 Libraries\STM32F10x_StdPeriph_Driver\src\stm32f10x_dma.o
 .debug_ranges  0x00000ce8       0x20 Libraries\STM32F10x_StdPeriph_Driver\src\stm32f10x_dbgmcu.o
 .debug_ranges  0x00000d08       0x90 Libraries\STM32F10x_StdPeriph_Driver\src\stm32f10x_dac.o
 .debug_ranges  0x00000d98       0x38 Libraries\STM32F10x_StdPeriph_Driver\src\stm32f10x_crc.o
 .debug_ranges  0x00000dd0       0x78 Libraries\STM32F10x_StdPeriph_Driver\src\stm32f10x_cec.o
 .debug_ranges  0x00000e48       0xd0 Libraries\STM32F10x_StdPeriph_Driver\src\stm32f10x_can.o
 .debug_ranges  0x00000f18       0x68 Libraries\STM32F10x_StdPeriph_Driver\src\stm32f10x_bkp.o
 .debug_ranges  0x00000f80      0x128 Libraries\STM32F10x_StdPeriph_Driver\src\stm32f10x_adc.o
 .debug_ranges  0x000010a8       0x30 Libraries\STM32F10x_StdPeriph_Driver\src\misc.o
 .debug_ranges  0x000010d8       0x20 Libraries\CMSIS\CM3\DeviceSupport\ST\STM32F10x\startup\TrueSTUDIO\startup_stm32f10x_md_vl.o
 .debug_ranges  0x000010f8       0xb8 Libraries\CMSIS\CM3\CoreSupport\core_cm3.o
 .debug_ranges  0x000011b0       0x20 c:/program files/atollic/truestudio for stmicroelectronics stm32 lite 2.3.0/armtools/bin/../lib/gcc/arm-atollic-eabi/4.5.1/thumb/thumb2/crtn.o

.comment        0x00000000       0xc3
 .comment       0x00000000       0x61 c:/program files/atollic/truestudio for stmicroelectronics stm32 lite 2.3.0/armtools/bin/../lib/gcc/arm-atollic-eabi/4.5.1/thumb/thumb2/crtbegin.o
                                 0x62 (size before relaxing)
 .comment       0x00000061       0x62 src\system_stm32f10x.o
                                 0x63 (size before relaxing)
 .comment       0x00000000       0x63 src\stm32f10x_it.o
 .comment       0x00000000       0x63 src\main.o
 .comment       0x00000000       0x63 Utilities\STM32_EVAL\STM32_Discovery\STM32vldiscovery.o
 .comment       0x00000000       0x63 Libraries\STM32F10x_StdPeriph_Driver\src\stm32f10x_wwdg.o
 .comment       0x00000000       0x63 Libraries\STM32F10x_StdPeriph_Driver\src\stm32f10x_usart.o
 .comment       0x00000000       0x63 Libraries\STM32F10x_StdPeriph_Driver\src\stm32f10x_tim.o
 .comment       0x00000000       0x63 Libraries\STM32F10x_StdPeriph_Driver\src\stm32f10x_spi.o
 .comment       0x00000000       0x63 Libraries\STM32F10x_StdPeriph_Driver\src\stm32f10x_sdio.o
 .comment       0x00000000       0x63 Libraries\STM32F10x_StdPeriph_Driver\src\stm32f10x_rtc.o
 .comment       0x00000000       0x63 Libraries\STM32F10x_StdPeriph_Driver\src\stm32f10x_rcc.o
 .comment       0x00000000       0x63 Libraries\STM32F10x_StdPeriph_Driver\src\stm32f10x_pwr.o
 .comment       0x00000000       0x63 Libraries\STM32F10x_StdPeriph_Driver\src\stm32f10x_iwdg.o
 .comment       0x00000000       0x63 Libraries\STM32F10x_StdPeriph_Driver\src\stm32f10x_i2c.o
 .comment       0x00000000       0x63 Libraries\STM32F10x_StdPeriph_Driver\src\stm32f10x_gpio.o
 .comment       0x00000000       0x63 Libraries\STM32F10x_StdPeriph_Driver\src\stm32f10x_fsmc.o
 .comment       0x00000000       0x63 Libraries\STM32F10x_StdPeriph_Driver\src\stm32f10x_flash.o
 .comment       0x00000000       0x63 Libraries\STM32F10x_StdPeriph_Driver\src\stm32f10x_exti.o
 .comment       0x00000000       0x63 Libraries\STM32F10x_StdPeriph_Driver\src\stm32f10x_dma.o
 .comment       0x00000000       0x63 Libraries\STM32F10x_StdPeriph_Driver\src\stm32f10x_dbgmcu.o
 .comment       0x00000000       0x63 Libraries\STM32F10x_StdPeriph_Driver\src\stm32f10x_dac.o
 .comment       0x00000000       0x63 Libraries\STM32F10x_StdPeriph_Driver\src\stm32f10x_crc.o
 .comment       0x00000000       0x63 Libraries\STM32F10x_StdPeriph_Driver\src\stm32f10x_cec.o
 .comment       0x00000000       0x63 Libraries\STM32F10x_StdPeriph_Driver\src\stm32f10x_can.o
 .comment       0x00000000       0x63 Libraries\STM32F10x_StdPeriph_Driver\src\stm32f10x_bkp.o
 .comment       0x00000000       0x63 Libraries\STM32F10x_StdPeriph_Driver\src\stm32f10x_adc.o
 .comment       0x00000000       0x63 Libraries\STM32F10x_StdPeriph_Driver\src\misc.o
 .comment       0x00000000       0x63 Libraries\CMSIS\CM3\CoreSupport\core_cm3.o
 .comment       0x00000000       0x62 c:/program files/atollic/truestudio for stmicroelectronics stm32 lite 2.3.0/armtools/bin/../lib/gcc/arm-atollic-eabi/4.5.1/../../../../arm-atollic-eabi/lib/thumb/thumb2\libc.a(lib_a-init.o)
 .comment       0x00000000       0x62 c:/program files/atollic/truestudio for stmicroelectronics stm32 lite 2.3.0/armtools/bin/../lib/gcc/arm-atollic-eabi/4.5.1/thumb/thumb2/crtend.o

.debug_loc      0x00000000     0x7042
 .debug_loc     0x00000000       0xc8 src\system_stm32f10x.o
 .debug_loc     0x000000c8      0x18c src\stm32f10x_it.o
 .debug_loc     0x00000254      0x1e2 src\main.o
 .debug_loc     0x00000436      0x150 Utilities\STM32_EVAL\STM32_Discovery\STM32vldiscovery.o
 .debug_loc     0x00000586      0x190 Libraries\STM32F10x_StdPeriph_Driver\src\stm32f10x_wwdg.o
 .debug_loc     0x00000716      0x658 Libraries\STM32F10x_StdPeriph_Driver\src\stm32f10x_usart.o
 .debug_loc     0x00000d6e     0x13e8 Libraries\STM32F10x_StdPeriph_Driver\src\stm32f10x_tim.o
 .debug_loc     0x00002156      0x508 Libraries\STM32F10x_StdPeriph_Driver\src\stm32f10x_spi.o
 .debug_loc     0x0000265e      0x648 Libraries\STM32F10x_StdPeriph_Driver\src\stm32f10x_sdio.o
 .debug_loc     0x00002ca6      0x2e0 Libraries\STM32F10x_StdPeriph_Driver\src\stm32f10x_rtc.o
 .debug_loc     0x00002f86      0x714 Libraries\STM32F10x_StdPeriph_Driver\src\stm32f10x_rcc.o
 .debug_loc     0x0000369a      0x238 Libraries\STM32F10x_StdPeriph_Driver\src\stm32f10x_pwr.o
 .debug_loc     0x000038d2      0x138 Libraries\STM32F10x_StdPeriph_Driver\src\stm32f10x_iwdg.o
 .debug_loc     0x00003a0a      0x738 Libraries\STM32F10x_StdPeriph_Driver\src\stm32f10x_i2c.o
 .debug_loc     0x00004142      0x3e4 Libraries\STM32F10x_StdPeriph_Driver\src\stm32f10x_gpio.o
 .debug_loc     0x00004526      0x41c Libraries\STM32F10x_StdPeriph_Driver\src\stm32f10x_fsmc.o
 .debug_loc     0x00004942      0x5d8 Libraries\STM32F10x_StdPeriph_Driver\src\stm32f10x_flash.o
 .debug_loc     0x00004f1a      0x1b4 Libraries\STM32F10x_StdPeriph_Driver\src\stm32f10x_exti.o
 .debug_loc     0x000050ce      0x268 Libraries\STM32F10x_StdPeriph_Driver\src\stm32f10x_dma.o
 .debug_loc     0x00005336       0x90 Libraries\STM32F10x_StdPeriph_Driver\src\stm32f10x_dbgmcu.o
 .debug_loc     0x000053c6      0x3ac Libraries\STM32F10x_StdPeriph_Driver\src\stm32f10x_dac.o
 .debug_loc     0x00005772      0x12c Libraries\STM32F10x_StdPeriph_Driver\src\stm32f10x_crc.o
 .debug_loc     0x0000589e      0x2ec Libraries\STM32F10x_StdPeriph_Driver\src\stm32f10x_cec.o
 .debug_loc     0x00005b8a      0x578 Libraries\STM32F10x_StdPeriph_Driver\src\stm32f10x_can.o
 .debug_loc     0x00006102      0x264 Libraries\STM32F10x_StdPeriph_Driver\src\stm32f10x_bkp.o
 .debug_loc     0x00006366      0x7d4 Libraries\STM32F10x_StdPeriph_Driver\src\stm32f10x_adc.o
 .debug_loc     0x00006b3a      0x118 Libraries\STM32F10x_StdPeriph_Driver\src\misc.o
 .debug_loc     0x00006c52      0x3f0 Libraries\CMSIS\CM3\CoreSupport\core_cm3.o

.debug_pubnames
                0x00000000     0x3007
 .debug_pubnames
                0x00000000       0x61 src\system_stm32f10x.o
 .debug_pubnames
                0x00000061       0xc6 src\stm32f10x_it.o
 .debug_pubnames
                0x00000127      0x14a src\main.o
 .debug_pubnames
                0x00000271      0x169 Utilities\STM32_EVAL\STM32_Discovery\STM32vldiscovery.o
 .debug_pubnames
                0x000003da       0xb0 Libraries\STM32F10x_StdPeriph_Driver\src\stm32f10x_wwdg.o
 .debug_pubnames
                0x0000048a      0x294 Libraries\STM32F10x_StdPeriph_Driver\src\stm32f10x_usart.o
 .debug_pubnames
                0x0000071e      0x7b0 Libraries\STM32F10x_StdPeriph_Driver\src\stm32f10x_tim.o
 .debug_pubnames
                0x00000ece      0x1f6 Libraries\STM32F10x_StdPeriph_Driver\src\stm32f10x_spi.o
 .debug_pubnames
                0x000010c4      0x2ac Libraries\STM32F10x_StdPeriph_Driver\src\stm32f10x_sdio.o
 .debug_pubnames
                0x00001370      0x136 Libraries\STM32F10x_StdPeriph_Driver\src\stm32f10x_rtc.o
 .debug_pubnames
                0x000014a6      0x2da Libraries\STM32F10x_StdPeriph_Driver\src\stm32f10x_rcc.o
 .debug_pubnames
                0x00001780       0xcb Libraries\STM32F10x_StdPeriph_Driver\src\stm32f10x_pwr.o
 .debug_pubnames
                0x0000184b       0x91 Libraries\STM32F10x_StdPeriph_Driver\src\stm32f10x_iwdg.o
 .debug_pubnames
                0x000018dc      0x2cb Libraries\STM32F10x_StdPeriph_Driver\src\stm32f10x_i2c.o
 .debug_pubnames
                0x00001ba7      0x19d Libraries\STM32F10x_StdPeriph_Driver\src\stm32f10x_gpio.o
 .debug_pubnames
                0x00001d44      0x1a3 Libraries\STM32F10x_StdPeriph_Driver\src\stm32f10x_fsmc.o
 .debug_pubnames
                0x00001ee7      0x2f2 Libraries\STM32F10x_StdPeriph_Driver\src\stm32f10x_flash.o
 .debug_pubnames
                0x000021d9       0xbb Libraries\STM32F10x_StdPeriph_Driver\src\stm32f10x_exti.o
 .debug_pubnames
                0x00002294       0xea Libraries\STM32F10x_StdPeriph_Driver\src\stm32f10x_dma.o
 .debug_pubnames
                0x0000237e       0x4c Libraries\STM32F10x_StdPeriph_Driver\src\stm32f10x_dbgmcu.o
 .debug_pubnames
                0x000023ca      0x17d Libraries\STM32F10x_StdPeriph_Driver\src\stm32f10x_dac.o
 .debug_pubnames
                0x00002547       0x82 Libraries\STM32F10x_StdPeriph_Driver\src\stm32f10x_crc.o
 .debug_pubnames
                0x000025c9      0x12b Libraries\STM32F10x_StdPeriph_Driver\src\stm32f10x_cec.o
 .debug_pubnames
                0x000026f4      0x208 Libraries\STM32F10x_StdPeriph_Driver\src\stm32f10x_can.o
 .debug_pubnames
                0x000028fc      0x128 Libraries\STM32F10x_StdPeriph_Driver\src\stm32f10x_bkp.o
 .debug_pubnames
                0x00002a24      0x401 Libraries\STM32F10x_StdPeriph_Driver\src\stm32f10x_adc.o
 .debug_pubnames
                0x00002e25       0x89 Libraries\STM32F10x_StdPeriph_Driver\src\misc.o
 .debug_pubnames
                0x00002eae      0x159 Libraries\CMSIS\CM3\CoreSupport\core_cm3.o

.debug_pubtypes
                0x00000000     0x115e
 .debug_pubtypes
                0x00000000       0x55 src\system_stm32f10x.o
 .debug_pubtypes
                0x00000055       0x12 src\stm32f10x_it.o
 .debug_pubtypes
                0x00000067      0x153 src\main.o
 .debug_pubtypes
                0x000001ba      0x137 Utilities\STM32_EVAL\STM32_Discovery\STM32vldiscovery.o
 .debug_pubtypes
                0x000002f1       0x4b Libraries\STM32F10x_StdPeriph_Driver\src\stm32f10x_wwdg.o
 .debug_pubtypes
                0x0000033c       0xc9 Libraries\STM32F10x_StdPeriph_Driver\src\stm32f10x_usart.o
 .debug_pubtypes
                0x00000405       0xd8 Libraries\STM32F10x_StdPeriph_Driver\src\stm32f10x_tim.o
 .debug_pubtypes
                0x000004dd       0xb6 Libraries\STM32F10x_StdPeriph_Driver\src\stm32f10x_spi.o
 .debug_pubtypes
                0x00000593       0xb2 Libraries\STM32F10x_StdPeriph_Driver\src\stm32f10x_sdio.o
 .debug_pubtypes
                0x00000645       0x78 Libraries\STM32F10x_StdPeriph_Driver\src\stm32f10x_rtc.o
 .debug_pubtypes
                0x000006bd       0x9e Libraries\STM32F10x_StdPeriph_Driver\src\stm32f10x_rcc.o
 .debug_pubtypes
                0x0000075b       0x78 Libraries\STM32F10x_StdPeriph_Driver\src\stm32f10x_pwr.o
 .debug_pubtypes
                0x000007d3       0x58 Libraries\STM32F10x_StdPeriph_Driver\src\stm32f10x_iwdg.o
 .debug_pubtypes
                0x0000082b       0xb2 Libraries\STM32F10x_StdPeriph_Driver\src\stm32f10x_i2c.o
 .debug_pubtypes
                0x000008dd       0xc3 Libraries\STM32F10x_StdPeriph_Driver\src\stm32f10x_gpio.o
 .debug_pubtypes
                0x000009a0      0x168 Libraries\STM32F10x_StdPeriph_Driver\src\stm32f10x_fsmc.o
 .debug_pubtypes
                0x00000b08       0x8d Libraries\STM32F10x_StdPeriph_Driver\src\stm32f10x_flash.o
 .debug_pubtypes
                0x00000b95       0xa2 Libraries\STM32F10x_StdPeriph_Driver\src\stm32f10x_exti.o
 .debug_pubtypes
                0x00000c37       0x98 Libraries\STM32F10x_StdPeriph_Driver\src\stm32f10x_dma.o
 .debug_pubtypes
                0x00000ccf       0x46 Libraries\STM32F10x_StdPeriph_Driver\src\stm32f10x_dbgmcu.o
 .debug_pubtypes
                0x00000d15       0x8c Libraries\STM32F10x_StdPeriph_Driver\src\stm32f10x_dac.o
 .debug_pubtypes
                0x00000da1       0x48 Libraries\STM32F10x_StdPeriph_Driver\src\stm32f10x_crc.o
 .debug_pubtypes
                0x00000de9       0x8c Libraries\STM32F10x_StdPeriph_Driver\src\stm32f10x_cec.o
 .debug_pubtypes
                0x00000e75      0x115 Libraries\STM32F10x_StdPeriph_Driver\src\stm32f10x_can.o
 .debug_pubtypes
                0x00000f8a       0x78 Libraries\STM32F10x_StdPeriph_Driver\src\stm32f10x_bkp.o
 .debug_pubtypes
                0x00001002       0x8c Libraries\STM32F10x_StdPeriph_Driver\src\stm32f10x_adc.o
 .debug_pubtypes
                0x0000108e       0x80 Libraries\STM32F10x_StdPeriph_Driver\src\misc.o
 .debug_pubtypes
                0x0000110e       0x50 Libraries\CMSIS\CM3\CoreSupport\core_cm3.o

.debug_str      0x00000000     0x542d
 .debug_str     0x00000000      0x211 src\system_stm32f10x.o
                                0x25e (size before relaxing)
 .debug_str     0x00000211       0xa6 src\stm32f10x_it.o
                                0x199 (size before relaxing)
 .debug_str     0x000002b7      0x973 src\main.o
                                0xaab (size before relaxing)
 .debug_str     0x00000c2a      0x2ab Utilities\STM32_EVAL\STM32_Discovery\STM32vldiscovery.o
                                0x832 (size before relaxing)
 .debug_str     0x00000ed5       0xde Libraries\STM32F10x_StdPeriph_Driver\src\stm32f10x_wwdg.o
                                0x216 (size before relaxing)
 .debug_str     0x00000fb3      0x496 Libraries\STM32F10x_StdPeriph_Driver\src\stm32f10x_usart.o
                                0x63e (size before relaxing)
 .debug_str     0x00001449      0xa48 Libraries\STM32F10x_StdPeriph_Driver\src\stm32f10x_tim.o
                                0xd8b (size before relaxing)
 .debug_str     0x00001e91      0x37c Libraries\STM32F10x_StdPeriph_Driver\src\stm32f10x_spi.o
                                0x5ab (size before relaxing)
 .debug_str     0x0000220d      0x474 Libraries\STM32F10x_StdPeriph_Driver\src\stm32f10x_sdio.o
                                0x5e9 (size before relaxing)
 .debug_str     0x00002681      0x193 Libraries\STM32F10x_StdPeriph_Driver\src\stm32f10x_rtc.o
                                0x350 (size before relaxing)
 .debug_str     0x00002814      0x3aa Libraries\STM32F10x_StdPeriph_Driver\src\stm32f10x_rcc.o
                                0x61b (size before relaxing)
 .debug_str     0x00002bbe      0x11b Libraries\STM32F10x_StdPeriph_Driver\src\stm32f10x_pwr.o
                                0x2c0 (size before relaxing)
 .debug_str     0x00002cd9       0xdb Libraries\STM32F10x_StdPeriph_Driver\src\stm32f10x_iwdg.o
                                0x20a (size before relaxing)
 .debug_str     0x00002db4      0x3bc Libraries\STM32F10x_StdPeriph_Driver\src\stm32f10x_i2c.o
                                0x614 (size before relaxing)
 .debug_str     0x00003170      0x255 Libraries\STM32F10x_StdPeriph_Driver\src\stm32f10x_gpio.o
                                0x4c7 (size before relaxing)
 .debug_str     0x000033c5      0x5c5 Libraries\STM32F10x_StdPeriph_Driver\src\stm32f10x_fsmc.o
                                0x732 (size before relaxing)
 .debug_str     0x0000398a      0x421 Libraries\STM32F10x_StdPeriph_Driver\src\stm32f10x_flash.o
                                0x596 (size before relaxing)
 .debug_str     0x00003dab       0xf3 Libraries\STM32F10x_StdPeriph_Driver\src\stm32f10x_exti.o
                                0x30c (size before relaxing)
 .debug_str     0x00003e9e      0x13a Libraries\STM32F10x_StdPeriph_Driver\src\stm32f10x_dma.o
                                0x36f (size before relaxing)
 .debug_str     0x00003fd8       0x91 Libraries\STM32F10x_StdPeriph_Driver\src\stm32f10x_dbgmcu.o
                                0x1b5 (size before relaxing)
 .debug_str     0x00004069      0x21f Libraries\STM32F10x_StdPeriph_Driver\src\stm32f10x_dac.o
                                0x3f1 (size before relaxing)
 .debug_str     0x00004288       0xc3 Libraries\STM32F10x_StdPeriph_Driver\src\stm32f10x_crc.o
                                0x1e9 (size before relaxing)
 .debug_str     0x0000434b      0x1ad Libraries\STM32F10x_StdPeriph_Driver\src\stm32f10x_cec.o
                                0x324 (size before relaxing)
 .debug_str     0x000044f8      0x525 Libraries\STM32F10x_StdPeriph_Driver\src\stm32f10x_can.o
                                0x6dc (size before relaxing)
 .debug_str     0x00004a1d      0x325 Libraries\STM32F10x_StdPeriph_Driver\src\stm32f10x_bkp.o
                                0x563 (size before relaxing)
 .debug_str     0x00004d42      0x443 Libraries\STM32F10x_StdPeriph_Driver\src\stm32f10x_adc.o
                                0x6a9 (size before relaxing)
 .debug_str     0x00005185      0x148 Libraries\STM32F10x_StdPeriph_Driver\src\misc.o
                                0x371 (size before relaxing)
 .debug_str     0x000052cd      0x160 Libraries\CMSIS\CM3\CoreSupport\core_cm3.o
                                0x277 (size before relaxing)

.debug_frame    0x00000000     0x3bb0
 .debug_frame   0x00000000       0x80 src\system_stm32f10x.o
 .debug_frame   0x00000080       0xe8 src\stm32f10x_it.o
 .debug_frame   0x00000168      0x128 src\main.o
 .debug_frame   0x00000290       0xc4 Utilities\STM32_EVAL\STM32_Discovery\STM32vldiscovery.o
 .debug_frame   0x00000354       0xe4 Libraries\STM32F10x_StdPeriph_Driver\src\stm32f10x_wwdg.o
 .debug_frame   0x00000438      0x344 Libraries\STM32F10x_StdPeriph_Driver\src\stm32f10x_usart.o
 .debug_frame   0x0000077c      0xa20 Libraries\STM32F10x_StdPeriph_Driver\src\stm32f10x_tim.o
 .debug_frame   0x0000119c      0x29c Libraries\STM32F10x_StdPeriph_Driver\src\stm32f10x_spi.o
 .debug_frame   0x00001438      0x340 Libraries\STM32F10x_StdPeriph_Driver\src\stm32f10x_sdio.o
 .debug_frame   0x00001778      0x194 Libraries\STM32F10x_StdPeriph_Driver\src\stm32f10x_rtc.o
 .debug_frame   0x0000190c      0x3a4 Libraries\STM32F10x_StdPeriph_Driver\src\stm32f10x_rcc.o
 .debug_frame   0x00001cb0      0x140 Libraries\STM32F10x_StdPeriph_Driver\src\stm32f10x_pwr.o
 .debug_frame   0x00001df0       0xb0 Libraries\STM32F10x_StdPeriph_Driver\src\stm32f10x_iwdg.o
 .debug_frame   0x00001ea0      0x3b4 Libraries\STM32F10x_StdPeriph_Driver\src\stm32f10x_i2c.o
 .debug_frame   0x00002254      0x210 Libraries\STM32F10x_StdPeriph_Driver\src\stm32f10x_gpio.o
 .debug_frame   0x00002464      0x220 Libraries\STM32F10x_StdPeriph_Driver\src\stm32f10x_fsmc.o
 .debug_frame   0x00002684      0x338 Libraries\STM32F10x_StdPeriph_Driver\src\stm32f10x_flash.o
 .debug_frame   0x000029bc       0xec Libraries\STM32F10x_StdPeriph_Driver\src\stm32f10x_exti.o
 .debug_frame   0x00002aa8      0x144 Libraries\STM32F10x_StdPeriph_Driver\src\stm32f10x_dma.o
 .debug_frame   0x00002bec       0x5c Libraries\STM32F10x_StdPeriph_Driver\src\stm32f10x_dbgmcu.o
 .debug_frame   0x00002c48      0x1ec Libraries\STM32F10x_StdPeriph_Driver\src\stm32f10x_dac.o
 .debug_frame   0x00002e34       0xac Libraries\STM32F10x_StdPeriph_Driver\src\stm32f10x_crc.o
 .debug_frame   0x00002ee0      0x190 Libraries\STM32F10x_StdPeriph_Driver\src\stm32f10x_cec.o
 .debug_frame   0x00003070      0x2d4 Libraries\STM32F10x_StdPeriph_Driver\src\stm32f10x_can.o
 .debug_frame   0x00003344      0x150 Libraries\STM32F10x_StdPeriph_Driver\src\stm32f10x_bkp.o
 .debug_frame   0x00003494      0x400 Libraries\STM32F10x_StdPeriph_Driver\src\stm32f10x_adc.o
 .debug_frame   0x00003894       0x9c Libraries\STM32F10x_StdPeriph_Driver\src\misc.o
 .debug_frame   0x00003930      0x280 Libraries\CMSIS\CM3\CoreSupport\core_cm3.o

Cross Reference Table

Symbol                                            File
ADC1_IRQHandler                                   Libraries\CMSIS\CM3\DeviceSupport\ST\STM32F10x\startup\TrueSTUDIO\startup_stm32f10x_md_vl.o
ADC_AnalogWatchdogCmd                             Libraries\STM32F10x_StdPeriph_Driver\src\stm32f10x_adc.o
ADC_AnalogWatchdogSingleChannelConfig             Libraries\STM32F10x_StdPeriph_Driver\src\stm32f10x_adc.o
ADC_AnalogWatchdogThresholdsConfig                Libraries\STM32F10x_StdPeriph_Driver\src\stm32f10x_adc.o
ADC_AutoInjectedConvCmd                           Libraries\STM32F10x_StdPeriph_Driver\src\stm32f10x_adc.o
ADC_ClearFlag                                     Libraries\STM32F10x_StdPeriph_Driver\src\stm32f10x_adc.o
ADC_ClearITPendingBit                             Libraries\STM32F10x_StdPeriph_Driver\src\stm32f10x_adc.o
ADC_Cmd                                           Libraries\STM32F10x_StdPeriph_Driver\src\stm32f10x_adc.o
                                                  src\main.o
ADC_Configuration                                 src\main.o
ADC_DMACmd                                        Libraries\STM32F10x_StdPeriph_Driver\src\stm32f10x_adc.o
                                                  src\main.o
ADC_DeInit                                        Libraries\STM32F10x_StdPeriph_Driver\src\stm32f10x_adc.o
ADC_DiscModeChannelCountConfig                    Libraries\STM32F10x_StdPeriph_Driver\src\stm32f10x_adc.o
ADC_DiscModeCmd                                   Libraries\STM32F10x_StdPeriph_Driver\src\stm32f10x_adc.o
ADC_ExternalTrigConvCmd                           Libraries\STM32F10x_StdPeriph_Driver\src\stm32f10x_adc.o
                                                  src\main.o
ADC_ExternalTrigInjectedConvCmd                   Libraries\STM32F10x_StdPeriph_Driver\src\stm32f10x_adc.o
ADC_ExternalTrigInjectedConvConfig                Libraries\STM32F10x_StdPeriph_Driver\src\stm32f10x_adc.o
ADC_GetCalibrationStatus                          Libraries\STM32F10x_StdPeriph_Driver\src\stm32f10x_adc.o
                                                  src\main.o
ADC_GetConversionValue                            Libraries\STM32F10x_StdPeriph_Driver\src\stm32f10x_adc.o
ADC_GetDualModeConversionValue                    Libraries\STM32F10x_StdPeriph_Driver\src\stm32f10x_adc.o
ADC_GetFlagStatus                                 Libraries\STM32F10x_StdPeriph_Driver\src\stm32f10x_adc.o
ADC_GetITStatus                                   Libraries\STM32F10x_StdPeriph_Driver\src\stm32f10x_adc.o
ADC_GetInjectedConversionValue                    Libraries\STM32F10x_StdPeriph_Driver\src\stm32f10x_adc.o
ADC_GetResetCalibrationStatus                     Libraries\STM32F10x_StdPeriph_Driver\src\stm32f10x_adc.o
                                                  src\main.o
ADC_GetSoftwareStartConvStatus                    Libraries\STM32F10x_StdPeriph_Driver\src\stm32f10x_adc.o
ADC_GetSoftwareStartInjectedConvCmdStatus         Libraries\STM32F10x_StdPeriph_Driver\src\stm32f10x_adc.o
ADC_ITConfig                                      Libraries\STM32F10x_StdPeriph_Driver\src\stm32f10x_adc.o
ADC_Init                                          Libraries\STM32F10x_StdPeriph_Driver\src\stm32f10x_adc.o
                                                  src\main.o
ADC_InjectedChannelConfig                         Libraries\STM32F10x_StdPeriph_Driver\src\stm32f10x_adc.o
ADC_InjectedDiscModeCmd                           Libraries\STM32F10x_StdPeriph_Driver\src\stm32f10x_adc.o
ADC_InjectedSequencerLengthConfig                 Libraries\STM32F10x_StdPeriph_Driver\src\stm32f10x_adc.o
ADC_RegularChannelConfig                          Libraries\STM32F10x_StdPeriph_Driver\src\stm32f10x_adc.o
                                                  src\main.o
ADC_ResetCalibration                              Libraries\STM32F10x_StdPeriph_Driver\src\stm32f10x_adc.o
                                                  src\main.o
ADC_SetInjectedOffset                             Libraries\STM32F10x_StdPeriph_Driver\src\stm32f10x_adc.o
ADC_SoftwareStartConvCmd                          Libraries\STM32F10x_StdPeriph_Driver\src\stm32f10x_adc.o
                                                  src\main.o
ADC_SoftwareStartInjectedConvCmd                  Libraries\STM32F10x_StdPeriph_Driver\src\stm32f10x_adc.o
ADC_StartCalibration                              Libraries\STM32F10x_StdPeriph_Driver\src\stm32f10x_adc.o
                                                  src\main.o
ADC_StructInit                                    Libraries\STM32F10x_StdPeriph_Driver\src\stm32f10x_adc.o
ADC_TempSensorVrefintCmd                          Libraries\STM32F10x_StdPeriph_Driver\src\stm32f10x_adc.o
AHBPrescTable                                     src\system_stm32f10x.o
BKP_ClearFlag                                     Libraries\STM32F10x_StdPeriph_Driver\src\stm32f10x_bkp.o
BKP_ClearITPendingBit                             Libraries\STM32F10x_StdPeriph_Driver\src\stm32f10x_bkp.o
BKP_DeInit                                        Libraries\STM32F10x_StdPeriph_Driver\src\stm32f10x_bkp.o
BKP_GetFlagStatus                                 Libraries\STM32F10x_StdPeriph_Driver\src\stm32f10x_bkp.o
BKP_GetITStatus                                   Libraries\STM32F10x_StdPeriph_Driver\src\stm32f10x_bkp.o
BKP_ITConfig                                      Libraries\STM32F10x_StdPeriph_Driver\src\stm32f10x_bkp.o
BKP_RTCOutputConfig                               Libraries\STM32F10x_StdPeriph_Driver\src\stm32f10x_bkp.o
BKP_ReadBackupRegister                            Libraries\STM32F10x_StdPeriph_Driver\src\stm32f10x_bkp.o
BKP_SetRTCCalibrationValue                        Libraries\STM32F10x_StdPeriph_Driver\src\stm32f10x_bkp.o
BKP_TamperPinCmd                                  Libraries\STM32F10x_StdPeriph_Driver\src\stm32f10x_bkp.o
BKP_TamperPinLevelConfig                          Libraries\STM32F10x_StdPeriph_Driver\src\stm32f10x_bkp.o
BKP_WriteBackupRegister                           Libraries\STM32F10x_StdPeriph_Driver\src\stm32f10x_bkp.o
BUTTON_CLK                                        Utilities\STM32_EVAL\STM32_Discovery\STM32vldiscovery.o
BUTTON_EXTI_LINE                                  Utilities\STM32_EVAL\STM32_Discovery\STM32vldiscovery.o
BUTTON_IRQn                                       Utilities\STM32_EVAL\STM32_Discovery\STM32vldiscovery.o
BUTTON_PIN                                        Utilities\STM32_EVAL\STM32_Discovery\STM32vldiscovery.o
BUTTON_PIN_SOURCE                                 Utilities\STM32_EVAL\STM32_Discovery\STM32vldiscovery.o
BUTTON_PORT                                       Utilities\STM32_EVAL\STM32_Discovery\STM32vldiscovery.o
BUTTON_PORT_SOURCE                                Utilities\STM32_EVAL\STM32_Discovery\STM32vldiscovery.o
BusFault_Handler                                  src\stm32f10x_it.o
CAN_CancelTransmit                                Libraries\STM32F10x_StdPeriph_Driver\src\stm32f10x_can.o
CAN_ClearFlag                                     Libraries\STM32F10x_StdPeriph_Driver\src\stm32f10x_can.o
CAN_ClearITPendingBit                             Libraries\STM32F10x_StdPeriph_Driver\src\stm32f10x_can.o
CAN_DBGFreeze                                     Libraries\STM32F10x_StdPeriph_Driver\src\stm32f10x_can.o
CAN_DeInit                                        Libraries\STM32F10x_StdPeriph_Driver\src\stm32f10x_can.o
CAN_FIFORelease                                   Libraries\STM32F10x_StdPeriph_Driver\src\stm32f10x_can.o
CAN_FilterInit                                    Libraries\STM32F10x_StdPeriph_Driver\src\stm32f10x_can.o
CAN_GetFlagStatus                                 Libraries\STM32F10x_StdPeriph_Driver\src\stm32f10x_can.o
CAN_GetITStatus                                   Libraries\STM32F10x_StdPeriph_Driver\src\stm32f10x_can.o
CAN_GetLSBTransmitErrorCounter                    Libraries\STM32F10x_StdPeriph_Driver\src\stm32f10x_can.o
CAN_GetLastErrorCode                              Libraries\STM32F10x_StdPeriph_Driver\src\stm32f10x_can.o
CAN_GetReceiveErrorCounter                        Libraries\STM32F10x_StdPeriph_Driver\src\stm32f10x_can.o
CAN_ITConfig                                      Libraries\STM32F10x_StdPeriph_Driver\src\stm32f10x_can.o
CAN_Init                                          Libraries\STM32F10x_StdPeriph_Driver\src\stm32f10x_can.o
CAN_MessagePending                                Libraries\STM32F10x_StdPeriph_Driver\src\stm32f10x_can.o
CAN_OperatingModeRequest                          Libraries\STM32F10x_StdPeriph_Driver\src\stm32f10x_can.o
CAN_Receive                                       Libraries\STM32F10x_StdPeriph_Driver\src\stm32f10x_can.o
CAN_SlaveStartBank                                Libraries\STM32F10x_StdPeriph_Driver\src\stm32f10x_can.o
CAN_Sleep                                         Libraries\STM32F10x_StdPeriph_Driver\src\stm32f10x_can.o
CAN_StructInit                                    Libraries\STM32F10x_StdPeriph_Driver\src\stm32f10x_can.o
CAN_TTComModeCmd                                  Libraries\STM32F10x_StdPeriph_Driver\src\stm32f10x_can.o
CAN_Transmit                                      Libraries\STM32F10x_StdPeriph_Driver\src\stm32f10x_can.o
CAN_TransmitStatus                                Libraries\STM32F10x_StdPeriph_Driver\src\stm32f10x_can.o
CAN_WakeUp                                        Libraries\STM32F10x_StdPeriph_Driver\src\stm32f10x_can.o
CEC_ClearFlag                                     Libraries\STM32F10x_StdPeriph_Driver\src\stm32f10x_cec.o
CEC_ClearITPendingBit                             Libraries\STM32F10x_StdPeriph_Driver\src\stm32f10x_cec.o
CEC_Cmd                                           Libraries\STM32F10x_StdPeriph_Driver\src\stm32f10x_cec.o
CEC_DeInit                                        Libraries\STM32F10x_StdPeriph_Driver\src\stm32f10x_cec.o
CEC_EndOfMessageCmd                               Libraries\STM32F10x_StdPeriph_Driver\src\stm32f10x_cec.o
CEC_GetFlagStatus                                 Libraries\STM32F10x_StdPeriph_Driver\src\stm32f10x_cec.o
CEC_GetITStatus                                   Libraries\STM32F10x_StdPeriph_Driver\src\stm32f10x_cec.o
CEC_IRQHandler                                    Libraries\CMSIS\CM3\DeviceSupport\ST\STM32F10x\startup\TrueSTUDIO\startup_stm32f10x_md_vl.o
CEC_ITConfig                                      Libraries\STM32F10x_StdPeriph_Driver\src\stm32f10x_cec.o
CEC_Init                                          Libraries\STM32F10x_StdPeriph_Driver\src\stm32f10x_cec.o
CEC_OwnAddressConfig                              Libraries\STM32F10x_StdPeriph_Driver\src\stm32f10x_cec.o
CEC_ReceiveDataByte                               Libraries\STM32F10x_StdPeriph_Driver\src\stm32f10x_cec.o
CEC_SendDataByte                                  Libraries\STM32F10x_StdPeriph_Driver\src\stm32f10x_cec.o
CEC_SetPrescaler                                  Libraries\STM32F10x_StdPeriph_Driver\src\stm32f10x_cec.o
CEC_StartOfMessage                                Libraries\STM32F10x_StdPeriph_Driver\src\stm32f10x_cec.o
CRC_CalcBlockCRC                                  Libraries\STM32F10x_StdPeriph_Driver\src\stm32f10x_crc.o
CRC_CalcCRC                                       Libraries\STM32F10x_StdPeriph_Driver\src\stm32f10x_crc.o
CRC_GetCRC                                        Libraries\STM32F10x_StdPeriph_Driver\src\stm32f10x_crc.o
CRC_GetIDRegister                                 Libraries\STM32F10x_StdPeriph_Driver\src\stm32f10x_crc.o
CRC_ResetDR                                       Libraries\STM32F10x_StdPeriph_Driver\src\stm32f10x_crc.o
CRC_SetIDRegister                                 Libraries\STM32F10x_StdPeriph_Driver\src\stm32f10x_crc.o
DACBuffer                                         src\main.o
DAC_ClearFlag                                     Libraries\STM32F10x_StdPeriph_Driver\src\stm32f10x_dac.o
DAC_ClearITPendingBit                             Libraries\STM32F10x_StdPeriph_Driver\src\stm32f10x_dac.o
DAC_Cmd                                           Libraries\STM32F10x_StdPeriph_Driver\src\stm32f10x_dac.o
                                                  src\main.o
DAC_Configuration                                 src\main.o
DAC_DMACmd                                        Libraries\STM32F10x_StdPeriph_Driver\src\stm32f10x_dac.o
                                                  src\main.o
DAC_DeInit                                        Libraries\STM32F10x_StdPeriph_Driver\src\stm32f10x_dac.o
DAC_DualSoftwareTriggerCmd                        Libraries\STM32F10x_StdPeriph_Driver\src\stm32f10x_dac.o
DAC_GetDataOutputValue                            Libraries\STM32F10x_StdPeriph_Driver\src\stm32f10x_dac.o
DAC_GetFlagStatus                                 Libraries\STM32F10x_StdPeriph_Driver\src\stm32f10x_dac.o
DAC_GetITStatus                                   Libraries\STM32F10x_StdPeriph_Driver\src\stm32f10x_dac.o
DAC_ITConfig                                      Libraries\STM32F10x_StdPeriph_Driver\src\stm32f10x_dac.o
DAC_Init                                          Libraries\STM32F10x_StdPeriph_Driver\src\stm32f10x_dac.o
                                                  src\main.o
DAC_SetChannel1Data                               Libraries\STM32F10x_StdPeriph_Driver\src\stm32f10x_dac.o
DAC_SetChannel2Data                               Libraries\STM32F10x_StdPeriph_Driver\src\stm32f10x_dac.o
DAC_SetDualChannelData                            Libraries\STM32F10x_StdPeriph_Driver\src\stm32f10x_dac.o
DAC_SoftwareTriggerCmd                            Libraries\STM32F10x_StdPeriph_Driver\src\stm32f10x_dac.o
DAC_StructInit                                    Libraries\STM32F10x_StdPeriph_Driver\src\stm32f10x_dac.o
                                                  src\main.o
DAC_WaveGenerationCmd                             Libraries\STM32F10x_StdPeriph_Driver\src\stm32f10x_dac.o
DBGMCU_Config                                     Libraries\STM32F10x_StdPeriph_Driver\src\stm32f10x_dbgmcu.o
DBGMCU_GetDEVID                                   Libraries\STM32F10x_StdPeriph_Driver\src\stm32f10x_dbgmcu.o
DBGMCU_GetREVID                                   Libraries\STM32F10x_StdPeriph_Driver\src\stm32f10x_dbgmcu.o
DMA1_Channel1_IRQHandler                          Libraries\CMSIS\CM3\DeviceSupport\ST\STM32F10x\startup\TrueSTUDIO\startup_stm32f10x_md_vl.o
DMA1_Channel2_IRQHandler                          Libraries\CMSIS\CM3\DeviceSupport\ST\STM32F10x\startup\TrueSTUDIO\startup_stm32f10x_md_vl.o
DMA1_Channel3_IRQHandler                          Libraries\CMSIS\CM3\DeviceSupport\ST\STM32F10x\startup\TrueSTUDIO\startup_stm32f10x_md_vl.o
DMA1_Channel4_IRQHandler                          Libraries\CMSIS\CM3\DeviceSupport\ST\STM32F10x\startup\TrueSTUDIO\startup_stm32f10x_md_vl.o
DMA1_Channel5_IRQHandler                          Libraries\CMSIS\CM3\DeviceSupport\ST\STM32F10x\startup\TrueSTUDIO\startup_stm32f10x_md_vl.o
DMA1_Channel6_IRQHandler                          Libraries\CMSIS\CM3\DeviceSupport\ST\STM32F10x\startup\TrueSTUDIO\startup_stm32f10x_md_vl.o
DMA1_Channel7_IRQHandler                          Libraries\CMSIS\CM3\DeviceSupport\ST\STM32F10x\startup\TrueSTUDIO\startup_stm32f10x_md_vl.o
DMA_ClearFlag                                     Libraries\STM32F10x_StdPeriph_Driver\src\stm32f10x_dma.o
DMA_ClearITPendingBit                             Libraries\STM32F10x_StdPeriph_Driver\src\stm32f10x_dma.o
DMA_Cmd                                           Libraries\STM32F10x_StdPeriph_Driver\src\stm32f10x_dma.o
                                                  src\main.o
DMA_Configuration                                 src\main.o
DMA_DeInit                                        Libraries\STM32F10x_StdPeriph_Driver\src\stm32f10x_dma.o
                                                  src\main.o
DMA_GetCurrDataCounter                            Libraries\STM32F10x_StdPeriph_Driver\src\stm32f10x_dma.o
DMA_GetFlagStatus                                 Libraries\STM32F10x_StdPeriph_Driver\src\stm32f10x_dma.o
                                                  src\main.o
DMA_GetITStatus                                   Libraries\STM32F10x_StdPeriph_Driver\src\stm32f10x_dma.o
DMA_ITConfig                                      Libraries\STM32F10x_StdPeriph_Driver\src\stm32f10x_dma.o
                                                  src\main.o
DMA_Init                                          Libraries\STM32F10x_StdPeriph_Driver\src\stm32f10x_dma.o
                                                  src\main.o
DMA_SetCurrDataCounter                            Libraries\STM32F10x_StdPeriph_Driver\src\stm32f10x_dma.o
DMA_StructInit                                    Libraries\STM32F10x_StdPeriph_Driver\src\stm32f10x_dma.o
DebugMon_Handler                                  src\stm32f10x_it.o
Default_Handler                                   Libraries\CMSIS\CM3\DeviceSupport\ST\STM32F10x\startup\TrueSTUDIO\startup_stm32f10x_md_vl.o
EXTI0_IRQHandler                                  Libraries\CMSIS\CM3\DeviceSupport\ST\STM32F10x\startup\TrueSTUDIO\startup_stm32f10x_md_vl.o
EXTI15_10_IRQHandler                              Libraries\CMSIS\CM3\DeviceSupport\ST\STM32F10x\startup\TrueSTUDIO\startup_stm32f10x_md_vl.o
EXTI1_IRQHandler                                  Libraries\CMSIS\CM3\DeviceSupport\ST\STM32F10x\startup\TrueSTUDIO\startup_stm32f10x_md_vl.o
EXTI2_IRQHandler                                  Libraries\CMSIS\CM3\DeviceSupport\ST\STM32F10x\startup\TrueSTUDIO\startup_stm32f10x_md_vl.o
EXTI3_IRQHandler                                  Libraries\CMSIS\CM3\DeviceSupport\ST\STM32F10x\startup\TrueSTUDIO\startup_stm32f10x_md_vl.o
EXTI4_IRQHandler                                  Libraries\CMSIS\CM3\DeviceSupport\ST\STM32F10x\startup\TrueSTUDIO\startup_stm32f10x_md_vl.o
EXTI9_5_IRQHandler                                Libraries\CMSIS\CM3\DeviceSupport\ST\STM32F10x\startup\TrueSTUDIO\startup_stm32f10x_md_vl.o
EXTI_ClearFlag                                    Libraries\STM32F10x_StdPeriph_Driver\src\stm32f10x_exti.o
EXTI_ClearITPendingBit                            Libraries\STM32F10x_StdPeriph_Driver\src\stm32f10x_exti.o
EXTI_DeInit                                       Libraries\STM32F10x_StdPeriph_Driver\src\stm32f10x_exti.o
EXTI_GenerateSWInterrupt                          Libraries\STM32F10x_StdPeriph_Driver\src\stm32f10x_exti.o
EXTI_GetFlagStatus                                Libraries\STM32F10x_StdPeriph_Driver\src\stm32f10x_exti.o
EXTI_GetITStatus                                  Libraries\STM32F10x_StdPeriph_Driver\src\stm32f10x_exti.o
EXTI_Init                                         Libraries\STM32F10x_StdPeriph_Driver\src\stm32f10x_exti.o
                                                  Utilities\STM32_EVAL\STM32_Discovery\STM32vldiscovery.o
EXTI_StructInit                                   Libraries\STM32F10x_StdPeriph_Driver\src\stm32f10x_exti.o
FLASH_ClearFlag                                   Libraries\STM32F10x_StdPeriph_Driver\src\stm32f10x_flash.o
FLASH_EnableWriteProtection                       Libraries\STM32F10x_StdPeriph_Driver\src\stm32f10x_flash.o
FLASH_EraseAllBank1Pages                          Libraries\STM32F10x_StdPeriph_Driver\src\stm32f10x_flash.o
FLASH_EraseAllPages                               Libraries\STM32F10x_StdPeriph_Driver\src\stm32f10x_flash.o
FLASH_EraseOptionBytes                            Libraries\STM32F10x_StdPeriph_Driver\src\stm32f10x_flash.o
FLASH_ErasePage                                   Libraries\STM32F10x_StdPeriph_Driver\src\stm32f10x_flash.o
FLASH_GetBank1Status                              Libraries\STM32F10x_StdPeriph_Driver\src\stm32f10x_flash.o
FLASH_GetFlagStatus                               Libraries\STM32F10x_StdPeriph_Driver\src\stm32f10x_flash.o
FLASH_GetPrefetchBufferStatus                     Libraries\STM32F10x_StdPeriph_Driver\src\stm32f10x_flash.o
FLASH_GetReadOutProtectionStatus                  Libraries\STM32F10x_StdPeriph_Driver\src\stm32f10x_flash.o
FLASH_GetStatus                                   Libraries\STM32F10x_StdPeriph_Driver\src\stm32f10x_flash.o
FLASH_GetUserOptionByte                           Libraries\STM32F10x_StdPeriph_Driver\src\stm32f10x_flash.o
FLASH_GetWriteProtectionOptionByte                Libraries\STM32F10x_StdPeriph_Driver\src\stm32f10x_flash.o
FLASH_HalfCycleAccessCmd                          Libraries\STM32F10x_StdPeriph_Driver\src\stm32f10x_flash.o
FLASH_IRQHandler                                  Libraries\CMSIS\CM3\DeviceSupport\ST\STM32F10x\startup\TrueSTUDIO\startup_stm32f10x_md_vl.o
FLASH_ITConfig                                    Libraries\STM32F10x_StdPeriph_Driver\src\stm32f10x_flash.o
FLASH_Lock                                        Libraries\STM32F10x_StdPeriph_Driver\src\stm32f10x_flash.o
FLASH_LockBank1                                   Libraries\STM32F10x_StdPeriph_Driver\src\stm32f10x_flash.o
FLASH_PrefetchBufferCmd                           Libraries\STM32F10x_StdPeriph_Driver\src\stm32f10x_flash.o
FLASH_ProgramHalfWord                             Libraries\STM32F10x_StdPeriph_Driver\src\stm32f10x_flash.o
FLASH_ProgramOptionByteData                       Libraries\STM32F10x_StdPeriph_Driver\src\stm32f10x_flash.o
FLASH_ProgramWord                                 Libraries\STM32F10x_StdPeriph_Driver\src\stm32f10x_flash.o
FLASH_ReadOutProtection                           Libraries\STM32F10x_StdPeriph_Driver\src\stm32f10x_flash.o
FLASH_SetLatency                                  Libraries\STM32F10x_StdPeriph_Driver\src\stm32f10x_flash.o
FLASH_Unlock                                      Libraries\STM32F10x_StdPeriph_Driver\src\stm32f10x_flash.o
FLASH_UnlockBank1                                 Libraries\STM32F10x_StdPeriph_Driver\src\stm32f10x_flash.o
FLASH_UserOptionByteConfig                        Libraries\STM32F10x_StdPeriph_Driver\src\stm32f10x_flash.o
FLASH_WaitForLastBank1Operation                   Libraries\STM32F10x_StdPeriph_Driver\src\stm32f10x_flash.o
FLASH_WaitForLastOperation                        Libraries\STM32F10x_StdPeriph_Driver\src\stm32f10x_flash.o
FSMC_ClearFlag                                    Libraries\STM32F10x_StdPeriph_Driver\src\stm32f10x_fsmc.o
FSMC_ClearITPendingBit                            Libraries\STM32F10x_StdPeriph_Driver\src\stm32f10x_fsmc.o
FSMC_GetECC                                       Libraries\STM32F10x_StdPeriph_Driver\src\stm32f10x_fsmc.o
FSMC_GetFlagStatus                                Libraries\STM32F10x_StdPeriph_Driver\src\stm32f10x_fsmc.o
FSMC_GetITStatus                                  Libraries\STM32F10x_StdPeriph_Driver\src\stm32f10x_fsmc.o
FSMC_ITConfig                                     Libraries\STM32F10x_StdPeriph_Driver\src\stm32f10x_fsmc.o
FSMC_NANDCmd                                      Libraries\STM32F10x_StdPeriph_Driver\src\stm32f10x_fsmc.o
FSMC_NANDDeInit                                   Libraries\STM32F10x_StdPeriph_Driver\src\stm32f10x_fsmc.o
FSMC_NANDECCCmd                                   Libraries\STM32F10x_StdPeriph_Driver\src\stm32f10x_fsmc.o
FSMC_NANDInit                                     Libraries\STM32F10x_StdPeriph_Driver\src\stm32f10x_fsmc.o
FSMC_NANDStructInit                               Libraries\STM32F10x_StdPeriph_Driver\src\stm32f10x_fsmc.o
FSMC_NORSRAMCmd                                   Libraries\STM32F10x_StdPeriph_Driver\src\stm32f10x_fsmc.o
FSMC_NORSRAMDeInit                                Libraries\STM32F10x_StdPeriph_Driver\src\stm32f10x_fsmc.o
FSMC_NORSRAMInit                                  Libraries\STM32F10x_StdPeriph_Driver\src\stm32f10x_fsmc.o
FSMC_NORSRAMStructInit                            Libraries\STM32F10x_StdPeriph_Driver\src\stm32f10x_fsmc.o
FSMC_PCCARDCmd                                    Libraries\STM32F10x_StdPeriph_Driver\src\stm32f10x_fsmc.o
FSMC_PCCARDDeInit                                 Libraries\STM32F10x_StdPeriph_Driver\src\stm32f10x_fsmc.o
FSMC_PCCARDInit                                   Libraries\STM32F10x_StdPeriph_Driver\src\stm32f10x_fsmc.o
FSMC_PCCARDStructInit                             Libraries\STM32F10x_StdPeriph_Driver\src\stm32f10x_fsmc.o
G4Period                                          src\main.o
GPIO_AFIODeInit                                   Libraries\STM32F10x_StdPeriph_Driver\src\stm32f10x_gpio.o
GPIO_CLK                                          Utilities\STM32_EVAL\STM32_Discovery\STM32vldiscovery.o
GPIO_Configuration                                src\main.o
GPIO_DeInit                                       Libraries\STM32F10x_StdPeriph_Driver\src\stm32f10x_gpio.o
GPIO_ETH_MediaInterfaceConfig                     Libraries\STM32F10x_StdPeriph_Driver\src\stm32f10x_gpio.o
GPIO_EXTILineConfig                               Libraries\STM32F10x_StdPeriph_Driver\src\stm32f10x_gpio.o
                                                  Utilities\STM32_EVAL\STM32_Discovery\STM32vldiscovery.o
GPIO_EventOutputCmd                               Libraries\STM32F10x_StdPeriph_Driver\src\stm32f10x_gpio.o
GPIO_EventOutputConfig                            Libraries\STM32F10x_StdPeriph_Driver\src\stm32f10x_gpio.o
GPIO_Init                                         Libraries\STM32F10x_StdPeriph_Driver\src\stm32f10x_gpio.o
                                                  Utilities\STM32_EVAL\STM32_Discovery\STM32vldiscovery.o
                                                  src\main.o
GPIO_PIN                                          Utilities\STM32_EVAL\STM32_Discovery\STM32vldiscovery.o
GPIO_PORT                                         Utilities\STM32_EVAL\STM32_Discovery\STM32vldiscovery.o
GPIO_PinLockConfig                                Libraries\STM32F10x_StdPeriph_Driver\src\stm32f10x_gpio.o
GPIO_PinRemapConfig                               Libraries\STM32F10x_StdPeriph_Driver\src\stm32f10x_gpio.o
GPIO_ReadInputData                                Libraries\STM32F10x_StdPeriph_Driver\src\stm32f10x_gpio.o
GPIO_ReadInputDataBit                             Libraries\STM32F10x_StdPeriph_Driver\src\stm32f10x_gpio.o
                                                  Utilities\STM32_EVAL\STM32_Discovery\STM32vldiscovery.o
GPIO_ReadOutputData                               Libraries\STM32F10x_StdPeriph_Driver\src\stm32f10x_gpio.o
GPIO_ReadOutputDataBit                            Libraries\STM32F10x_StdPeriph_Driver\src\stm32f10x_gpio.o
GPIO_ResetBits                                    Libraries\STM32F10x_StdPeriph_Driver\src\stm32f10x_gpio.o
GPIO_SetBits                                      Libraries\STM32F10x_StdPeriph_Driver\src\stm32f10x_gpio.o
GPIO_StructInit                                   Libraries\STM32F10x_StdPeriph_Driver\src\stm32f10x_gpio.o
GPIO_Write                                        Libraries\STM32F10x_StdPeriph_Driver\src\stm32f10x_gpio.o
GPIO_WriteBit                                     Libraries\STM32F10x_StdPeriph_Driver\src\stm32f10x_gpio.o
HardFault_Handler                                 src\stm32f10x_it.o
I2C1_ER_IRQHandler                                Libraries\CMSIS\CM3\DeviceSupport\ST\STM32F10x\startup\TrueSTUDIO\startup_stm32f10x_md_vl.o
I2C1_EV_IRQHandler                                Libraries\CMSIS\CM3\DeviceSupport\ST\STM32F10x\startup\TrueSTUDIO\startup_stm32f10x_md_vl.o
I2C2_ER_IRQHandler                                Libraries\CMSIS\CM3\DeviceSupport\ST\STM32F10x\startup\TrueSTUDIO\startup_stm32f10x_md_vl.o
I2C2_EV_IRQHandler                                Libraries\CMSIS\CM3\DeviceSupport\ST\STM32F10x\startup\TrueSTUDIO\startup_stm32f10x_md_vl.o
I2C_ARPCmd                                        Libraries\STM32F10x_StdPeriph_Driver\src\stm32f10x_i2c.o
I2C_AcknowledgeConfig                             Libraries\STM32F10x_StdPeriph_Driver\src\stm32f10x_i2c.o
I2C_CalculatePEC                                  Libraries\STM32F10x_StdPeriph_Driver\src\stm32f10x_i2c.o
I2C_CheckEvent                                    Libraries\STM32F10x_StdPeriph_Driver\src\stm32f10x_i2c.o
I2C_ClearFlag                                     Libraries\STM32F10x_StdPeriph_Driver\src\stm32f10x_i2c.o
I2C_ClearITPendingBit                             Libraries\STM32F10x_StdPeriph_Driver\src\stm32f10x_i2c.o
I2C_Cmd                                           Libraries\STM32F10x_StdPeriph_Driver\src\stm32f10x_i2c.o
I2C_DMACmd                                        Libraries\STM32F10x_StdPeriph_Driver\src\stm32f10x_i2c.o
I2C_DMALastTransferCmd                            Libraries\STM32F10x_StdPeriph_Driver\src\stm32f10x_i2c.o
I2C_DeInit                                        Libraries\STM32F10x_StdPeriph_Driver\src\stm32f10x_i2c.o
I2C_DualAddressCmd                                Libraries\STM32F10x_StdPeriph_Driver\src\stm32f10x_i2c.o
I2C_FastModeDutyCycleConfig                       Libraries\STM32F10x_StdPeriph_Driver\src\stm32f10x_i2c.o
I2C_GeneralCallCmd                                Libraries\STM32F10x_StdPeriph_Driver\src\stm32f10x_i2c.o
I2C_GenerateSTART                                 Libraries\STM32F10x_StdPeriph_Driver\src\stm32f10x_i2c.o
I2C_GenerateSTOP                                  Libraries\STM32F10x_StdPeriph_Driver\src\stm32f10x_i2c.o
I2C_GetFlagStatus                                 Libraries\STM32F10x_StdPeriph_Driver\src\stm32f10x_i2c.o
I2C_GetITStatus                                   Libraries\STM32F10x_StdPeriph_Driver\src\stm32f10x_i2c.o
I2C_GetLastEvent                                  Libraries\STM32F10x_StdPeriph_Driver\src\stm32f10x_i2c.o
I2C_GetPEC                                        Libraries\STM32F10x_StdPeriph_Driver\src\stm32f10x_i2c.o
I2C_ITConfig                                      Libraries\STM32F10x_StdPeriph_Driver\src\stm32f10x_i2c.o
I2C_Init                                          Libraries\STM32F10x_StdPeriph_Driver\src\stm32f10x_i2c.o
I2C_NACKPositionConfig                            Libraries\STM32F10x_StdPeriph_Driver\src\stm32f10x_i2c.o
I2C_OwnAddress2Config                             Libraries\STM32F10x_StdPeriph_Driver\src\stm32f10x_i2c.o
I2C_PECPositionConfig                             Libraries\STM32F10x_StdPeriph_Driver\src\stm32f10x_i2c.o
I2C_ReadRegister                                  Libraries\STM32F10x_StdPeriph_Driver\src\stm32f10x_i2c.o
I2C_ReceiveData                                   Libraries\STM32F10x_StdPeriph_Driver\src\stm32f10x_i2c.o
I2C_SMBusAlertConfig                              Libraries\STM32F10x_StdPeriph_Driver\src\stm32f10x_i2c.o
I2C_Send7bitAddress                               Libraries\STM32F10x_StdPeriph_Driver\src\stm32f10x_i2c.o
I2C_SendData                                      Libraries\STM32F10x_StdPeriph_Driver\src\stm32f10x_i2c.o
I2C_SoftwareResetCmd                              Libraries\STM32F10x_StdPeriph_Driver\src\stm32f10x_i2c.o
I2C_StretchClockCmd                               Libraries\STM32F10x_StdPeriph_Driver\src\stm32f10x_i2c.o
I2C_StructInit                                    Libraries\STM32F10x_StdPeriph_Driver\src\stm32f10x_i2c.o
I2C_TransmitPEC                                   Libraries\STM32F10x_StdPeriph_Driver\src\stm32f10x_i2c.o
I2S_Cmd                                           Libraries\STM32F10x_StdPeriph_Driver\src\stm32f10x_spi.o
I2S_Init                                          Libraries\STM32F10x_StdPeriph_Driver\src\stm32f10x_spi.o
I2S_StructInit                                    Libraries\STM32F10x_StdPeriph_Driver\src\stm32f10x_spi.o
IWDG_Enable                                       Libraries\STM32F10x_StdPeriph_Driver\src\stm32f10x_iwdg.o
IWDG_GetFlagStatus                                Libraries\STM32F10x_StdPeriph_Driver\src\stm32f10x_iwdg.o
IWDG_ReloadCounter                                Libraries\STM32F10x_StdPeriph_Driver\src\stm32f10x_iwdg.o
IWDG_SetPrescaler                                 Libraries\STM32F10x_StdPeriph_Driver\src\stm32f10x_iwdg.o
IWDG_SetReload                                    Libraries\STM32F10x_StdPeriph_Driver\src\stm32f10x_iwdg.o
IWDG_WriteAccessCmd                               Libraries\STM32F10x_StdPeriph_Driver\src\stm32f10x_iwdg.o
MemManage_Handler                                 src\stm32f10x_it.o
NMI_Handler                                       src\stm32f10x_it.o
NVIC_Configuration                                src\main.o
NVIC_Init                                         Libraries\STM32F10x_StdPeriph_Driver\src\misc.o
                                                  Utilities\STM32_EVAL\STM32_Discovery\STM32vldiscovery.o
                                                  src\main.o
NVIC_PriorityGroupConfig                          Libraries\STM32F10x_StdPeriph_Driver\src\misc.o
NVIC_SetVectorTable                               Libraries\STM32F10x_StdPeriph_Driver\src\misc.o
NVIC_SystemLPConfig                               Libraries\STM32F10x_StdPeriph_Driver\src\misc.o
PVD_IRQHandler                                    Libraries\CMSIS\CM3\DeviceSupport\ST\STM32F10x\startup\TrueSTUDIO\startup_stm32f10x_md_vl.o
PWR_BackupAccessCmd                               Libraries\STM32F10x_StdPeriph_Driver\src\stm32f10x_pwr.o
PWR_ClearFlag                                     Libraries\STM32F10x_StdPeriph_Driver\src\stm32f10x_pwr.o
PWR_DeInit                                        Libraries\STM32F10x_StdPeriph_Driver\src\stm32f10x_pwr.o
PWR_EnterSTANDBYMode                              Libraries\STM32F10x_StdPeriph_Driver\src\stm32f10x_pwr.o
PWR_EnterSTOPMode                                 Libraries\STM32F10x_StdPeriph_Driver\src\stm32f10x_pwr.o
PWR_GetFlagStatus                                 Libraries\STM32F10x_StdPeriph_Driver\src\stm32f10x_pwr.o
PWR_PVDCmd                                        Libraries\STM32F10x_StdPeriph_Driver\src\stm32f10x_pwr.o
PWR_PVDLevelConfig                                Libraries\STM32F10x_StdPeriph_Driver\src\stm32f10x_pwr.o
PWR_WakeUpPinCmd                                  Libraries\STM32F10x_StdPeriph_Driver\src\stm32f10x_pwr.o
PendSV_Handler                                    src\stm32f10x_it.o
RCC_ADCCLKConfig                                  Libraries\STM32F10x_StdPeriph_Driver\src\stm32f10x_rcc.o
                                                  src\main.o
RCC_AHBPeriphClockCmd                             Libraries\STM32F10x_StdPeriph_Driver\src\stm32f10x_rcc.o